Archive member included to satisfy reference by file (symbol)

C:/ST/STM32CubeIDE_1.13.0/STM32CubeIDE/plugins/com.st.stm32cube.ide.mcu.externaltools.gnu-tools-for-stm32.11.3.rel1.win32_1.1.0.202305231506/tools/bin/../lib/gcc/arm-none-eabi/11.3.1/../../../../arm-none-eabi/lib/thumb/v7e-m+fp/hard\libm.a(libm_a-s_trunc.o)
                              ./Core/Src/main.o (trunc)
C:/ST/STM32CubeIDE_1.13.0/STM32CubeIDE/plugins/com.st.stm32cube.ide.mcu.externaltools.gnu-tools-for-stm32.11.3.rel1.win32_1.1.0.202305231506/tools/bin/../lib/gcc/arm-none-eabi/11.3.1/../../../../arm-none-eabi/lib/thumb/v7e-m+fp/hard\libc_nano.a(libc_a-exit.o)
                              C:/ST/STM32CubeIDE_1.13.0/STM32CubeIDE/plugins/com.st.stm32cube.ide.mcu.externaltools.gnu-tools-for-stm32.11.3.rel1.win32_1.1.0.202305231506/tools/bin/../lib/gcc/arm-none-eabi/11.3.1/../../../../arm-none-eabi/lib/thumb/v7e-m+fp/hard/crt0.o (exit)
C:/ST/STM32CubeIDE_1.13.0/STM32CubeIDE/plugins/com.st.stm32cube.ide.mcu.externaltools.gnu-tools-for-stm32.11.3.rel1.win32_1.1.0.202305231506/tools/bin/../lib/gcc/arm-none-eabi/11.3.1/../../../../arm-none-eabi/lib/thumb/v7e-m+fp/hard\libc_nano.a(libc_a-malloc.o)
                              ./Libraries/httpServer/httpServer.o (malloc)
C:/ST/STM32CubeIDE_1.13.0/STM32CubeIDE/plugins/com.st.stm32cube.ide.mcu.externaltools.gnu-tools-for-stm32.11.3.rel1.win32_1.1.0.202305231506/tools/bin/../lib/gcc/arm-none-eabi/11.3.1/../../../../arm-none-eabi/lib/thumb/v7e-m+fp/hard\libc_nano.a(libc_a-mallocr.o)
                              C:/ST/STM32CubeIDE_1.13.0/STM32CubeIDE/plugins/com.st.stm32cube.ide.mcu.externaltools.gnu-tools-for-stm32.11.3.rel1.win32_1.1.0.202305231506/tools/bin/../lib/gcc/arm-none-eabi/11.3.1/../../../../arm-none-eabi/lib/thumb/v7e-m+fp/hard\libc_nano.a(libc_a-malloc.o) (_malloc_r)
C:/ST/STM32CubeIDE_1.13.0/STM32CubeIDE/plugins/com.st.stm32cube.ide.mcu.externaltools.gnu-tools-for-stm32.11.3.rel1.win32_1.1.0.202305231506/tools/bin/../lib/gcc/arm-none-eabi/11.3.1/../../../../arm-none-eabi/lib/thumb/v7e-m+fp/hard\libc_nano.a(libc_a-mlock.o)
                              C:/ST/STM32CubeIDE_1.13.0/STM32CubeIDE/plugins/com.st.stm32cube.ide.mcu.externaltools.gnu-tools-for-stm32.11.3.rel1.win32_1.1.0.202305231506/tools/bin/../lib/gcc/arm-none-eabi/11.3.1/../../../../arm-none-eabi/lib/thumb/v7e-m+fp/hard\libc_nano.a(libc_a-mallocr.o) (__malloc_lock)
C:/ST/STM32CubeIDE_1.13.0/STM32CubeIDE/plugins/com.st.stm32cube.ide.mcu.externaltools.gnu-tools-for-stm32.11.3.rel1.win32_1.1.0.202305231506/tools/bin/../lib/gcc/arm-none-eabi/11.3.1/../../../../arm-none-eabi/lib/thumb/v7e-m+fp/hard\libc_nano.a(libc_a-fflush.o)
                              ./Core/Src/main.o (fflush)
C:/ST/STM32CubeIDE_1.13.0/STM32CubeIDE/plugins/com.st.stm32cube.ide.mcu.externaltools.gnu-tools-for-stm32.11.3.rel1.win32_1.1.0.202305231506/tools/bin/../lib/gcc/arm-none-eabi/11.3.1/../../../../arm-none-eabi/lib/thumb/v7e-m+fp/hard\libc_nano.a(libc_a-findfp.o)
                              C:/ST/STM32CubeIDE_1.13.0/STM32CubeIDE/plugins/com.st.stm32cube.ide.mcu.externaltools.gnu-tools-for-stm32.11.3.rel1.win32_1.1.0.202305231506/tools/bin/../lib/gcc/arm-none-eabi/11.3.1/../../../../arm-none-eabi/lib/thumb/v7e-m+fp/hard\libc_nano.a(libc_a-fflush.o) (__sinit)
C:/ST/STM32CubeIDE_1.13.0/STM32CubeIDE/plugins/com.st.stm32cube.ide.mcu.externaltools.gnu-tools-for-stm32.11.3.rel1.win32_1.1.0.202305231506/tools/bin/../lib/gcc/arm-none-eabi/11.3.1/../../../../arm-none-eabi/lib/thumb/v7e-m+fp/hard\libc_nano.a(libc_a-fwalk.o)
                              C:/ST/STM32CubeIDE_1.13.0/STM32CubeIDE/plugins/com.st.stm32cube.ide.mcu.externaltools.gnu-tools-for-stm32.11.3.rel1.win32_1.1.0.202305231506/tools/bin/../lib/gcc/arm-none-eabi/11.3.1/../../../../arm-none-eabi/lib/thumb/v7e-m+fp/hard\libc_nano.a(libc_a-fflush.o) (_fwalk_sglue)
C:/ST/STM32CubeIDE_1.13.0/STM32CubeIDE/plugins/com.st.stm32cube.ide.mcu.externaltools.gnu-tools-for-stm32.11.3.rel1.win32_1.1.0.202305231506/tools/bin/../lib/gcc/arm-none-eabi/11.3.1/../../../../arm-none-eabi/lib/thumb/v7e-m+fp/hard\libc_nano.a(libc_a-printf.o)
                              ./Core/Src/main.o (printf)
C:/ST/STM32CubeIDE_1.13.0/STM32CubeIDE/plugins/com.st.stm32cube.ide.mcu.externaltools.gnu-tools-for-stm32.11.3.rel1.win32_1.1.0.202305231506/tools/bin/../lib/gcc/arm-none-eabi/11.3.1/../../../../arm-none-eabi/lib/thumb/v7e-m+fp/hard\libc_nano.a(libc_a-puts.o)
                              ./Core/Src/main.o (puts)
C:/ST/STM32CubeIDE_1.13.0/STM32CubeIDE/plugins/com.st.stm32cube.ide.mcu.externaltools.gnu-tools-for-stm32.11.3.rel1.win32_1.1.0.202305231506/tools/bin/../lib/gcc/arm-none-eabi/11.3.1/../../../../arm-none-eabi/lib/thumb/v7e-m+fp/hard\libc_nano.a(libc_a-snprintf.o)
                              ./Core/Src/main.o (snprintf)
[...]
Memory Configuration

Name             Origin             Length             Attributes
RAM              0x0000000020000000 0x0000000000040000 xrw
FLASH            0x0000000008000000 0x0000000000080000 xr
*default*        0x0000000000000000 0xffffffffffffffff

Linker script and memory map

LOAD C:/ST/STM32CubeIDE_1.13.0/STM32CubeIDE/plugins/com.st.stm32cube.ide.mcu.externaltools.gnu-tools-for-stm32.11.3.rel1.win32_1.1.0.202305231506/tools/bin/../lib/gcc/arm-none-eabi/11.3.1/thumb/v7e-m+fp/hard/crti.o
LOAD C:/ST/STM32CubeIDE_1.13.0/STM32CubeIDE/plugins/com.st.stm32cube.ide.mcu.externaltools.gnu-tools-for-stm32.11.3.rel1.win32_1.1.0.202305231506/tools/bin/../lib/gcc/arm-none-eabi/11.3.1/thumb/v7e-m+fp/hard/crtbegin.o
LOAD C:/ST/STM32CubeIDE_1.13.0/STM32CubeIDE/plugins/com.st.stm32cube.ide.mcu.externaltools.gnu-tools-for-stm32.11.3.rel1.win32_1.1.0.202305231506/tools/bin/../lib/gcc/arm-none-eabi/11.3.1/../../../../arm-none-eabi/lib/thumb/v7e-m+fp/hard/crt0.o
LOAD ./Core/Src/dht11.o
LOAD ./Core/Src/fatfs_sd.o
LOAD ./Core/Src/grovecam.o
LOAD ./Core/Src/main.o
LOAD ./Core/Src/pzem004t.o
LOAD ./Core/Src/stm32f7xx_hal_msp.o
LOAD ./Core/Src/stm32f7xx_it.o
LOAD ./Core/Src/syscalls.o
LOAD ./Core/Src/sysmem.o
LOAD ./Core/Src/system_stm32f7xx.o
LOAD ./Core/Src/w5x00_mqtt_publish.o
LOAD ./Core/Startup/startup_stm32f722zetx.o
LOAD ./Drivers/STM32F7xx_HAL_Driver/Src/stm32f7xx_hal.o
LOAD ./Drivers/STM32F7xx_HAL_Driver/Src/stm32f7xx_hal_adc.o
LOAD ./Drivers/STM32F7xx_HAL_Driver/Src/stm32f7xx_hal_adc_ex.o
LOAD ./Drivers/STM32F7xx_HAL_Driver/Src/stm32f7xx_hal_cortex.o
LOAD ./Drivers/STM32F7xx_HAL_Driver/Src/stm32f7xx_hal_dma.o
LOAD ./Drivers/STM32F7xx_HAL_Driver/Src/stm32f7xx_hal_dma_ex.o
LOAD ./Drivers/STM32F7xx_HAL_Driver/Src/stm32f7xx_hal_exti.o
LOAD ./Drivers/STM32F7xx_HAL_Driver/Src/stm32f7xx_hal_flash.o
LOAD ./Drivers/STM32F7xx_HAL_Driver/Src/stm32f7xx_hal_flash_ex.o
LOAD ./Drivers/STM32F7xx_HAL_Driver/Src/stm32f7xx_hal_gpio.o
LOAD ./Drivers/STM32F7xx_HAL_Driver/Src/stm32f7xx_hal_i2c.o
LOAD ./Drivers/STM32F7xx_HAL_Driver/Src/stm32f7xx_hal_i2c_ex.o
LOAD ./Drivers/STM32F7xx_HAL_Driver/Src/stm32f7xx_hal_pwr.o
LOAD ./Drivers/STM32F7xx_HAL_Driver/Src/stm32f7xx_hal_pwr_ex.o
LOAD ./Drivers/STM32F7xx_HAL_Driver/Src/stm32f7xx_hal_rcc.o
LOAD ./Drivers/STM32F7xx_HAL_Driver/Src/stm32f7xx_hal_rcc_ex.o
LOAD ./Drivers/STM32F7xx_HAL_Driver/Src/stm32f7xx_hal_spi.o
LOAD ./Drivers/STM32F7xx_HAL_Driver/Src/stm32f7xx_hal_spi_ex.o
LOAD ./Drivers/STM32F7xx_HAL_Driver/Src/stm32f7xx_hal_sram.o
LOAD ./Drivers/STM32F7xx_HAL_Driver/Src/stm32f7xx_hal_tim.o
LOAD ./Drivers/STM32F7xx_HAL_Driver/Src/stm32f7xx_hal_tim_ex.o
LOAD ./Drivers/STM32F7xx_HAL_Driver/Src/stm32f7xx_hal_uart.o
LOAD ./Drivers/STM32F7xx_HAL_Driver/Src/stm32f7xx_hal_uart_ex.o
LOAD ./Drivers/STM32F7xx_HAL_Driver/Src/stm32f7xx_ll_fmc.o
LOAD ./FATFS/App/fatfs.o
LOAD ./FATFS/Target/user_diskio.o
LOAD ./Libraries/Ethernet/socket.o
LOAD ./Libraries/Ethernet/w5300.o
LOAD ./Libraries/Ethernet/wizchip_conf.o
LOAD ./Libraries/MQTT/MQTTClient.o
LOAD ./Libraries/MQTT/mqtt_interface.o
LOAD ./Libraries/MQTT/MQTTPacket/src/MQTTConnectClient.o
LOAD ./Libraries/MQTT/MQTTPacket/src/MQTTConnectServer.o
LOAD ./Libraries/MQTT/MQTTPacket/src/MQTTDeserializePublish.o
LOAD ./Libraries/MQTT/MQTTPacket/src/MQTTFormat.o
LOAD ./Libraries/MQTT/MQTTPacket/src/MQTTPacket.o
LOAD ./Libraries/MQTT/MQTTPacket/src/MQTTSerializePublish.o
LOAD ./Libraries/MQTT/MQTTPacket/src/MQTTSubscribeClient.o
LOAD ./Libraries/MQTT/MQTTPacket/src/MQTTSubscribeServer.o
LOAD ./Libraries/MQTT/MQTTPacket/src/MQTTUnsubscribeClient.o
LOAD ./Libraries/MQTT/MQTTPacket/src/MQTTUnsubscribeServer.o
LOAD ./Libraries/httpServer/httpParser.o
LOAD ./Libraries/httpServer/httpServer.o
LOAD ./Libraries/httpServer/httpUtil.o
LOAD ./Libraries/library_io_driver/w5x00_bus.o
LOAD ./Libraries/library_io_driver/w5x00_network.o
LOAD ./Libraries/timer/w5x00_timer.o
LOAD ./Middlewares/Third_Party/FatFs/src/diskio.o
LOAD ./Middlewares/Third_Party/FatFs/src/ff.o
LOAD ./Middlewares/Third_Party/FatFs/src/ff_gen_drv.o
LOAD ./Middlewares/Third_Party/FatFs/src/option/ccsbcs.o
LOAD ./Middlewares/Third_Party/FatFs/src/option/syscall.o
START GROUP
LOAD C:/ST/STM32CubeIDE_1.13.0/STM32CubeIDE/plugins/com.st.stm32cube.ide.mcu.externaltools.gnu-tools-for-stm32.11.3.rel1.win32_1.1.0.202305231506/tools/bin/../lib/gcc/arm-none-eabi/11.3.1/../../../../arm-none-eabi/lib/thumb/v7e-m+fp/hard\libstdc++_nano.a
LOAD C:/ST/STM32CubeIDE_1.13.0/STM32CubeIDE/plugins/com.st.stm32cube.ide.mcu.externaltools.gnu-tools-for-stm32.11.3.rel1.win32_1.1.0.202305231506/tools/bin/../lib/gcc/arm-none-eabi/11.3.1/../../../../arm-none-eabi/lib/thumb/v7e-m+fp/hard\libsupc++_nano.a
END GROUP
LOAD C:/ST/STM32CubeIDE_1.13.0/STM32CubeIDE/plugins/com.st.stm32cube.ide.mcu.externaltools.gnu-tools-for-stm32.11.3.rel1.win32_1.1.0.202305231506/tools/bin/../lib/gcc/arm-none-eabi/11.3.1/../../../../arm-none-eabi/lib/thumb/v7e-m+fp/hard\libstdc++_nano.a
LOAD C:/ST/STM32CubeIDE_1.13.0/STM32CubeIDE/plugins/com.st.stm32cube.ide.mcu.externaltools.gnu-tools-for-stm32.11.3.rel1.win32_1.1.0.202305231506/tools/bin/../lib/gcc/arm-none-eabi/11.3.1/../../../../arm-none-eabi/lib/thumb/v7e-m+fp/hard\libm.a
LOAD C:/ST/STM32CubeIDE_1.13.0/STM32CubeIDE/plugins/com.st.stm32cube.ide.mcu.externaltools.gnu-tools-for-stm32.11.3.rel1.win32_1.1.0.202305231506/tools/bin/../lib/gcc/arm-none-eabi/11.3.1/../../../../arm-none-eabi/lib/thumb/v7e-m+fp/hard\libc_nano.a
START GROUP
LOAD C:/ST/STM32CubeIDE_1.13.0/STM32CubeIDE/plugins/com.st.stm32cube.ide.mcu.externaltools.gnu-tools-for-stm32.11.3.rel1.win32_1.1.0.202305231506/tools/bin/../lib/gcc/arm-none-eabi/11.3.1/thumb/v7e-m+fp/hard\libgcc.a
LOAD C:/ST/STM32CubeIDE_1.13.0/STM32CubeIDE/plugins/com.st.stm32cube.ide.mcu.externaltools.gnu-tools-for-stm32.11.3.rel1.win32_1.1.0.202305231506/tools/bin/../lib/gcc/arm-none-eabi/11.3.1/../../../../arm-none-eabi/lib/thumb/v7e-m+fp/hard\libc_nano.a
END GROUP
START GROUP
LOAD C:/ST/STM32CubeIDE_1.13.0/STM32CubeIDE/plugins/com.st.stm32cube.ide.mcu.externaltools.gnu-tools-for-stm32.11.3.rel1.win32_1.1.0.202305231506/tools/bin/../lib/gcc/arm-none-eabi/11.3.1/thumb/v7e-m+fp/hard\libgcc.a
LOAD C:/ST/STM32CubeIDE_1.13.0/STM32CubeIDE/plugins/com.st.stm32cube.ide.mcu.externaltools.gnu-tools-for-stm32.11.3.rel1.win32_1.1.0.202305231506/tools/bin/../lib/gcc/arm-none-eabi/11.3.1/../../../../arm-none-eabi/lib/thumb/v7e-m+fp/hard\libc_nano.a
END GROUP
LOAD C:/ST/STM32CubeIDE_1.13.0/STM32CubeIDE/plugins/com.st.stm32cube.ide.mcu.externaltools.gnu-tools-for-stm32.11.3.rel1.win32_1.1.0.202305231506/tools/bin/../lib/gcc/arm-none-eabi/11.3.1/thumb/v7e-m+fp/hard/crtend.o
LOAD C:/ST/STM32CubeIDE_1.13.0/STM32CubeIDE/plugins/com.st.stm32cube.ide.mcu.externaltools.gnu-tools-for-stm32.11.3.rel1.win32_1.1.0.202305231506/tools/bin/../lib/gcc/arm-none-eabi/11.3.1/thumb/v7e-m+fp/hard/crtn.o
                0x0000000020040000                _estack = (ORIGIN (RAM) + LENGTH (RAM))
                0x0000000000010000                _Min_Heap_Size = 0x10000
                0x0000000000008000                _Min_Stack_Size = 0x8000

.isr_vector     0x0000000008000000      0x1e0
                0x0000000008000000                . = ALIGN (0x4)
 *(.isr_vector)
 .isr_vector    0x0000000008000000      0x1e0 ./Core/Startup/startup_stm32f722zetx.o
                0x0000000008000000                g_pfnVectors
                0x00000000080001e0                . = ALIGN (0x4)

.text           0x00000000080001e0     0xc5fc
                0x00000000080001e0                . = ALIGN (0x4)
 *(.text)
 .text          0x00000000080001e0       0x40 C:/ST/STM32CubeIDE_1.13.0/STM32CubeIDE/plugins/com.st.stm32cube.ide.mcu.externaltools.gnu-tools-for-stm32.11.3.rel1.win32_1.1.0.202305231506/tools/bin/../lib/gcc/arm-none-eabi/11.3.1/thumb/v7e-m+fp/hard/crtbegin.o
 .text          0x0000000008000220       0x14 C:/ST/STM32CubeIDE_1.13.0/STM32CubeIDE/plugins/com.st.stm32cube.ide.mcu.externaltools.gnu-tools-for-stm32.11.3.rel1.win32_1.1.0.202305231506/tools/bin/../lib/gcc/arm-none-eabi/11.3.1/../../../../arm-none-eabi/lib/thumb/v7e-m+fp/hard\libc_nano.a(libc_a-strcmp.o)
                0x0000000008000220                strcmp
 .text          0x0000000008000234       0x10 C:/ST/STM32CubeIDE_1.13.0/STM32CubeIDE/plugins/com.st.stm32cube.ide.mcu.externaltools.gnu-tools-for-stm32.11.3.rel1.win32_1.1.0.202305231506/tools/bin/../lib/gcc/arm-none-eabi/11.3.1/../../../../arm-none-eabi/lib/thumb/v7e-m+fp/hard\libc_nano.a(libc_a-strlen.o)
                0x0000000008000234                strlen
 *fill*         0x0000000008000244        0xc 
 .text          0x0000000008000250       0xa0 C:/ST/STM32CubeIDE_1.13.0/STM32CubeIDE/plugins/com.st.stm32cube.ide.mcu.externaltools.gnu-tools-for-stm32.11.3.rel1.win32_1.1.0.202305231506/tools/bin/../lib/gcc/arm-none-eabi/11.3.1/../../../../arm-none-eabi/lib/thumb/v7e-m+fp/hard\libc_nano.a(libc_a-memchr.o)
                0x0000000008000250                memchr
 .text          0x00000000080002f0      0x378 C:/ST/STM32CubeIDE_1.13.0/STM32CubeIDE/plugins/com.st.stm32cube.ide.mcu.externaltools.gnu-tools-for-stm32.11.3.rel1.win32_1.1.0.202305231506/tools/bin/../lib/gcc/arm-none-eabi/11.3.1/thumb/v7e-m+fp/hard\libgcc.a(_arm_addsubdf3.o)
                0x00000000080002f0                __aeabi_drsub
                0x00000000080002f8                __aeabi_dsub
                0x00000000080002f8                __subdf3
                0x00000000080002fc                __aeabi_dadd
                0x00000000080002fc                __adddf3
                0x0000000008000574                __floatunsidf
                0x0000000008000574                __aeabi_ui2d
                0x0000000008000594                __floatsidf
                0x0000000008000594                __aeabi_i2d
                0x00000000080005b8                __aeabi_f2d
                0x00000000080005b8                __extendsfdf2
                0x00000000080005fc                __floatundidf
                0x00000000080005fc                __aeabi_ul2d
                0x000000000800060c                __floatdidf
                0x000000000800060c                __aeabi_l2d
 .text          0x0000000008000668      0x424 C:/ST/STM32CubeIDE_1.13.0/STM32CubeIDE/plugins/com.st.stm32cube.ide.mcu.externaltools.gnu-tools-for-stm32.11.3.rel1.win32_1.1.0.202305231506/tools/bin/../lib/gcc/arm-none-eabi/11.3.1/thumb/v7e-m+fp/hard\libgcc.a(_arm_muldivdf3.o)
                0x0000000008000668                __aeabi_dmul
                0x0000000008000668                __muldf3
                0x00000000080008bc                __divdf3
                0x00000000080008bc                __aeabi_ddiv
 .text          0x0000000008000a8c       0x50 C:/ST/STM32CubeIDE_1.13.0/STM32CubeIDE/plugins/com.st.stm32cube.ide.mcu.externaltools.gnu-tools-for-stm32.11.3.rel1.win32_1.1.0.202305231506/tools/bin/../lib/gcc/arm-none-eabi/11.3.1/thumb/v7e-m+fp/hard\libgcc.a(_arm_fixdfsi.o)
                0x0000000008000a8c                __aeabi_d2iz
                0x0000000008000a8c                __fixdfsi
 .text          0x0000000008000adc       0xa0 C:/ST/STM32CubeIDE_1.13.0/STM32CubeIDE/plugins/com.st.stm32cube.ide.mcu.externaltools.gnu-tools-for-stm32.11.3.rel1.win32_1.1.0.202305231506/tools/bin/../lib/gcc/arm-none-eabi/11.3.1/thumb/v7e-m+fp/hard\libgcc.a(_arm_truncdfsf2.o)
                0x0000000008000adc                __truncdfsf2
                0x0000000008000adc                __aeabi_d2f
 .text          0x0000000008000b7c       0x30 C:/ST/STM32CubeIDE_1.13.0/STM32CubeIDE/plugins/com.st.stm32cube.ide.mcu.externaltools.gnu-tools-for-stm32.11.3.rel1.win32_1.1.0.202305231506/tools/bin/../lib/gcc/arm-none-eabi/11.3.1/thumb/v7e-m+fp/hard\libgcc.a(_aeabi_uldivmod.o)
                0x0000000008000b7c                __aeabi_uldivmod
 .text          0x0000000008000bac      0x2c8 C:/ST/STM32CubeIDE_1.13.0/STM32CubeIDE/plugins/com.st.stm32cube.ide.mcu.externaltools.gnu-tools-for-stm32.11.3.rel1.win32_1.1.0.202305231506/tools/bin/../lib/gcc/arm-none-eabi/11.3.1/thumb/v7e-m+fp/hard\libgcc.a(_udivmoddi4.o)
                0x0000000008000bac                __udivmoddi4
 .text          0x0000000008000e74        0x4 C:/ST/STM32CubeIDE_1.13.0/STM32CubeIDE/plugins/com.st.stm32cube.ide.mcu.externaltools.gnu-tools-for-stm32.11.3.rel1.win32_1.1.0.202305231506/tools/bin/../lib/gcc/arm-none-eabi/11.3.1/thumb/v7e-m+fp/hard\libgcc.a(_dvmd_tls.o)
                0x0000000008000e74                __aeabi_idiv0
                0x0000000008000e74                __aeabi_ldiv0
 *(.text*)
 .text.init_dht11
                0x0000000008000e78       0x2c ./Core/Src/dht11.o
                0x0000000008000e78                init_dht11
 .text.set_dht11_gpio_mode
                0x0000000008000ea4       0x76 ./Core/Src/dht11.o
                0x0000000008000ea4                set_dht11_gpio_mode
 .text.readDHT11
                0x0000000008000f1a      0x2f0 ./Core/Src/dht11.o
                0x0000000008000f1a                readDHT11
 *fill*         0x000000000800120a        0x2 
 .text.SELECT   0x000000000800120c       0x20 ./Core/Src/fatfs_sd.o
 .text.DESELECT
                0x000000000800122c       0x20 ./Core/Src/fatfs_sd.o
 .text.SPI_TxByte
                0x000000000800124c       0x34 ./Core/Src/fatfs_sd.o
 .text.SPI_TxBuffer
                0x0000000008001280       0x34 ./Core/Src/fatfs_sd.o
 .text.SPI_RxByte
                0x00000000080012b4       0x38 ./Core/Src/fatfs_sd.o
 .text.SPI_RxBytePtr
                0x00000000080012ec       0x1c ./Core/Src/fatfs_sd.o
 .text.SD_ReadyWait
                0x0000000008001308       0x34 ./Core/Src/fatfs_sd.o
 .text.SD_PowerOn
                0x000000000800133c       0x84 ./Core/Src/fatfs_sd.o
 .text.SD_PowerOff
                0x00000000080013c0       0x18 ./Core/Src/fatfs_sd.o
 .text.SD_CheckPower
                0x00000000080013d8       0x18 ./Core/Src/fatfs_sd.o
 .text.SD_RxDataBlock
                0x00000000080013f0       0x5c ./Core/Src/fatfs_sd.o
 .text.SD_TxDataBlock
                0x000000000800144c       0x86 ./Core/Src/fatfs_sd.o
 .text.SD_SendCmd
                0x00000000080014d2       0xa8 ./Core/Src/fatfs_sd.o
 *fill*         0x000000000800157a        0x2 
 .text.SD_disk_initialize
                0x000000000800157c      0x1cc ./Core/Src/fatfs_sd.o
                0x000000000800157c                SD_disk_initialize
 .text.SD_disk_status
                0x0000000008001748       0x2c ./Core/Src/fatfs_sd.o
                0x0000000008001748                SD_disk_status
 .text.SD_disk_read
                0x0000000008001774       0xd4 ./Core/Src/fatfs_sd.o
                0x0000000008001774                SD_disk_read
 .text.SD_disk_write
                0x0000000008001848      0x108 ./Core/Src/fatfs_sd.o
                0x0000000008001848                SD_disk_write
 .text.SD_disk_ioctl
                0x0000000008001950      0x258 ./Core/Src/fatfs_sd.o
                0x0000000008001950                SD_disk_ioctl
 .text.__io_putchar
                0x0000000008001ba8       0x24 ./Core/Src/main.o
                0x0000000008001ba8                __io_putchar
 .text.HAL_ADC_ConvCpltCallback
                0x0000000008001bcc       0x20 ./Core/Src/main.o
                0x0000000008001bcc                HAL_ADC_ConvCpltCallback
 .text.main     0x0000000008001bec      0x168 ./Core/Src/main.o
                0x0000000008001bec                main
 .text.SystemClock_Config
                0x0000000008001d54       0xdc ./Core/Src/main.o
                0x0000000008001d54                SystemClock_Config
 .text.MX_ADC1_Init
                0x0000000008001e30       0xa4 ./Core/Src/main.o
 .text.MX_SPI1_Init
                0x0000000008001ed4       0x7c ./Core/Src/main.o
 .text.MX_TIM6_Init
                0x0000000008001f50       0x6c ./Core/Src/main.o
 .text.MX_USART3_UART_Init
                0x0000000008001fbc       0x60 ./Core/Src/main.o
 .text.MX_USART6_UART_Init
                0x000000000800201c       0x60 ./Core/Src/main.o
 .text.MX_DMA_Init
                0x000000000800207c       0x3c ./Core/Src/main.o
 .text.MX_FMC_Init
                0x00000000080020b8       0xc4 ./Core/Src/main.o
 .text.MX_GPIO_Init
                0x000000000800217c      0x184 ./Core/Src/main.o
 .text.send_to_cloud
                0x0000000008002300      0x4cc ./Core/Src/main.o
                0x0000000008002300                send_to_cloud
 .text.Error_Handler
                0x00000000080027cc        0xa ./Core/Src/main.o
                0x00000000080027cc                Error_Handler
 *fill*         0x00000000080027d6        0x2 
 .text.read_pzem004t
                0x00000000080027d8      0x1d4 ./Core/Src/pzem004t.o
                0x00000000080027d8                read_pzem004t
 .text.HAL_MspInit
                0x00000000080029ac       0x48 ./Core/Src/stm32f7xx_hal_msp.o
                0x00000000080029ac                HAL_MspInit
 .text.HAL_ADC_MspInit
                0x00000000080029f4       0xe8 ./Core/Src/stm32f7xx_hal_msp.o
                0x00000000080029f4                HAL_ADC_MspInit
 .text.HAL_SPI_MspInit
                0x0000000008002adc       0x88 ./Core/Src/stm32f7xx_hal_msp.o
                0x0000000008002adc                HAL_SPI_MspInit
 .text.HAL_TIM_Base_MspInit
                0x0000000008002b64       0x40 ./Core/Src/stm32f7xx_hal_msp.o
                0x0000000008002b64                HAL_TIM_Base_MspInit
 .text.HAL_UART_MspInit
                0x0000000008002ba4      0x148 ./Core/Src/stm32f7xx_hal_msp.o
                0x0000000008002ba4                HAL_UART_MspInit
 .text.HAL_FMC_MspInit
                0x0000000008002cec       0xb8 ./Core/Src/stm32f7xx_hal_msp.o
 .text.HAL_SRAM_MspInit
                0x0000000008002da4       0x14 ./Core/Src/stm32f7xx_hal_msp.o
                0x0000000008002da4                HAL_SRAM_MspInit
 .text.NMI_Handler
                0x0000000008002db8        0x6 ./Core/Src/stm32f7xx_it.o
                0x0000000008002db8                NMI_Handler
 .text.HardFault_Handler
                0x0000000008002dbe        0x6 ./Core/Src/stm32f7xx_it.o
                0x0000000008002dbe                HardFault_Handler
 .text.MemManage_Handler
                0x0000000008002dc4        0x6 ./Core/Src/stm32f7xx_it.o
                0x0000000008002dc4                MemManage_Handler
 .text.BusFault_Handler
                0x0000000008002dca        0x6 ./Core/Src/stm32f7xx_it.o
                0x0000000008002dca                BusFault_Handler
 .text.UsageFault_Handler
                0x0000000008002dd0        0x6 ./Core/Src/stm32f7xx_it.o
                0x0000000008002dd0                UsageFault_Handler
 .text.SVC_Handler
                0x0000000008002dd6        0xe ./Core/Src/stm32f7xx_it.o
                0x0000000008002dd6                SVC_Handler
 .text.DebugMon_Handler
                0x0000000008002de4        0xe ./Core/Src/stm32f7xx_it.o
                0x0000000008002de4                DebugMon_Handler
 .text.PendSV_Handler
                0x0000000008002df2        0xe ./Core/Src/stm32f7xx_it.o
                0x0000000008002df2                PendSV_Handler
 .text.SysTick_Handler
                0x0000000008002e00       0x40 ./Core/Src/stm32f7xx_it.o
                0x0000000008002e00                SysTick_Handler
 .text.DMA2_Stream0_IRQHandler
                0x0000000008002e40       0x14 ./Core/Src/stm32f7xx_it.o
                0x0000000008002e40                DMA2_Stream0_IRQHandler
 .text._read    0x0000000008002e54       0x3a ./Core/Src/syscalls.o
                0x0000000008002e54                _read
 .text._write   0x0000000008002e8e       0x38 ./Core/Src/syscalls.o
                0x0000000008002e8e                _write
 .text._close   0x0000000008002ec6       0x18 ./Core/Src/syscalls.o
                0x0000000008002ec6                _close
 .text._fstat   0x0000000008002ede       0x20 ./Core/Src/syscalls.o
                0x0000000008002ede                _fstat
 .text._isatty  0x0000000008002efe       0x16 ./Core/Src/syscalls.o
                0x0000000008002efe                _isatty
 .text._lseek   0x0000000008002f14       0x1a ./Core/Src/syscalls.o
                0x0000000008002f14                _lseek
 *fill*         0x0000000008002f2e        0x2 
 .text._sbrk    0x0000000008002f30       0x6c ./Core/Src/sysmem.o
                0x0000000008002f30                _sbrk
 .text.SystemInit
                0x0000000008002f9c       0x24 ./Core/Src/system_stm32f7xx.o
                0x0000000008002f9c                SystemInit
 .text.repeating_timer_callback
                0x0000000008002fc0        0xc ./Core/Src/w5x00_mqtt_publish.o
 .text.message_arrived
                0x0000000008002fcc      0x214 ./Core/Src/w5x00_mqtt_publish.o
 .text.mqtt_connect
                0x00000000080031e0       0xd8 ./Core/Src/w5x00_mqtt_publish.o
                0x00000000080031e0                mqtt_connect
 .text.mqtt_publish
                0x00000000080032b8       0x94 ./Core/Src/w5x00_mqtt_publish.o
                0x00000000080032b8                mqtt_publish
 .text.mqtt_subscribe
                0x000000000800334c       0x54 ./Core/Src/w5x00_mqtt_publish.o
                0x000000000800334c                mqtt_subscribe
 .text.Reset_Handler
                0x00000000080033a0       0x50 ./Core/Startup/startup_stm32f722zetx.o
                0x00000000080033a0                Reset_Handler
 .text.Default_Handler
                0x00000000080033f0        0x2 ./Core/Startup/startup_stm32f722zetx.o
                0x00000000080033f0                RTC_Alarm_IRQHandler
                0x00000000080033f0                EXTI2_IRQHandler
                0x00000000080033f0                TIM8_CC_IRQHandler
                0x00000000080033f0                UART8_IRQHandler
                0x00000000080033f0                SPI4_IRQHandler
                0x00000000080033f0                TIM1_CC_IRQHandler
                0x00000000080033f0                DMA2_Stream5_IRQHandler
                0x00000000080033f0                DMA1_Stream5_IRQHandler
                0x00000000080033f0                PVD_IRQHandler
                0x00000000080033f0                TAMP_STAMP_IRQHandler
                0x00000000080033f0                EXTI3_IRQHandler
                0x00000000080033f0                TIM8_TRG_COM_TIM14_IRQHandler
                0x00000000080033f0                TIM1_UP_TIM10_IRQHandler
                0x00000000080033f0                TIM8_UP_TIM13_IRQHandler
                0x00000000080033f0                I2C3_ER_IRQHandler
                0x00000000080033f0                EXTI0_IRQHandler
                0x00000000080033f0                I2C2_EV_IRQHandler
                0x00000000080033f0                DMA1_Stream2_IRQHandler
                0x00000000080033f0                CAN1_RX0_IRQHandler
                0x00000000080033f0                FPU_IRQHandler
                0x00000000080033f0                OTG_HS_WKUP_IRQHandler
                0x00000000080033f0                DMA2_Stream2_IRQHandler
                0x00000000080033f0                SPI1_IRQHandler
                0x00000000080033f0                TIM6_DAC_IRQHandler
                0x00000000080033f0                TIM1_BRK_TIM9_IRQHandler
                0x00000000080033f0                DMA2_Stream3_IRQHandler
                0x00000000080033f0                SAI2_IRQHandler
                0x00000000080033f0                USART6_IRQHandler
                0x00000000080033f0                USART3_IRQHandler
                0x00000000080033f0                CAN1_RX1_IRQHandler
                0x00000000080033f0                UART5_IRQHandler
                0x00000000080033f0                TIM4_IRQHandler
                0x00000000080033f0                QUADSPI_IRQHandler
                0x00000000080033f0                I2C1_EV_IRQHandler
                0x00000000080033f0                DMA1_Stream6_IRQHandler
                0x00000000080033f0                DMA1_Stream1_IRQHandler
                0x00000000080033f0                UART4_IRQHandler
                0x00000000080033f0                TIM3_IRQHandler
                0x00000000080033f0                RCC_IRQHandler
                0x00000000080033f0                TIM8_BRK_TIM12_IRQHandler
                0x00000000080033f0                Default_Handler
                0x00000000080033f0                EXTI15_10_IRQHandler
                0x00000000080033f0                ADC_IRQHandler
                0x00000000080033f0                DMA1_Stream7_IRQHandler
                0x00000000080033f0                SPI5_IRQHandler
                0x00000000080033f0                TIM7_IRQHandler
                0x00000000080033f0                SDMMC1_IRQHandler
                0x00000000080033f0                TIM5_IRQHandler
                0x00000000080033f0                DMA2_Stream7_IRQHandler
                0x00000000080033f0                I2C3_EV_IRQHandler
                0x00000000080033f0                EXTI9_5_IRQHandler
                0x00000000080033f0                RTC_WKUP_IRQHandler
                0x00000000080033f0                SPI2_IRQHandler
                0x00000000080033f0                OTG_HS_EP1_IN_IRQHandler
                0x00000000080033f0                DMA1_Stream0_IRQHandler
                0x00000000080033f0                CAN1_TX_IRQHandler
                0x00000000080033f0                EXTI4_IRQHandler
                0x00000000080033f0                RNG_IRQHandler
                0x00000000080033f0                OTG_HS_EP1_OUT_IRQHandler
                0x00000000080033f0                WWDG_IRQHandler
                0x00000000080033f0                TIM2_IRQHandler
                0x00000000080033f0                OTG_FS_WKUP_IRQHandler
                0x00000000080033f0                TIM1_TRG_COM_TIM11_IRQHandler
                0x00000000080033f0                OTG_HS_IRQHandler
                0x00000000080033f0                EXTI1_IRQHandler
                0x00000000080033f0                SDMMC2_IRQHandler
                0x00000000080033f0                UART7_IRQHandler
                0x00000000080033f0                USART2_IRQHandler
                0x00000000080033f0                I2C2_ER_IRQHandler
                0x00000000080033f0                DMA2_Stream1_IRQHandler
                0x00000000080033f0                CAN1_SCE_IRQHandler
                0x00000000080033f0                FLASH_IRQHandler
                0x00000000080033f0                DMA2_Stream4_IRQHandler
                0x00000000080033f0                USART1_IRQHandler
                0x00000000080033f0                OTG_FS_IRQHandler
                0x00000000080033f0                SPI3_IRQHandler
                0x00000000080033f0                DMA1_Stream4_IRQHandler
                0x00000000080033f0                I2C1_ER_IRQHandler
                0x00000000080033f0                FMC_IRQHandler
                0x00000000080033f0                LPTIM1_IRQHandler
                0x00000000080033f0                DMA2_Stream6_IRQHandler
                0x00000000080033f0                SAI1_IRQHandler
                0x00000000080033f0                DMA1_Stream3_IRQHandler
 .text.HAL_Init
                0x00000000080033f2       0x1a ./Drivers/STM32F7xx_HAL_Driver/Src/stm32f7xx_hal.o
                0x00000000080033f2                HAL_Init
 .text.HAL_InitTick
                0x000000000800340c       0x60 ./Drivers/STM32F7xx_HAL_Driver/Src/stm32f7xx_hal.o
                0x000000000800340c                HAL_InitTick
 .text.HAL_IncTick
                0x000000000800346c       0x28 ./Drivers/STM32F7xx_HAL_Driver/Src/stm32f7xx_hal.o
                0x000000000800346c                HAL_IncTick
 .text.HAL_GetTick
                0x0000000008003494       0x18 ./Drivers/STM32F7xx_HAL_Driver/Src/stm32f7xx_hal.o
                0x0000000008003494                HAL_GetTick
 .text.HAL_Delay
                0x00000000080034ac       0x48 ./Drivers/STM32F7xx_HAL_Driver/Src/stm32f7xx_hal.o
                0x00000000080034ac                HAL_Delay
 .text.HAL_ADC_Init
                0x00000000080034f4       0x88 ./Drivers/STM32F7xx_HAL_Driver/Src/stm32f7xx_hal_adc.o
                0x00000000080034f4                HAL_ADC_Init
 .text.HAL_ADC_Start_DMA
                0x000000000800357c      0x1f4 ./Drivers/STM32F7xx_HAL_Driver/Src/stm32f7xx_hal_adc.o
                0x000000000800357c                HAL_ADC_Start_DMA
 .text.HAL_ADC_ConvHalfCpltCallback
                0x0000000008003770       0x14 ./Drivers/STM32F7xx_HAL_Driver/Src/stm32f7xx_hal_adc.o
                0x0000000008003770                HAL_ADC_ConvHalfCpltCallback
 .text.HAL_ADC_ErrorCallback
                0x0000000008003784       0x14 ./Drivers/STM32F7xx_HAL_Driver/Src/stm32f7xx_hal_adc.o
                0x0000000008003784                HAL_ADC_ErrorCallback
 .text.HAL_ADC_ConfigChannel
                0x0000000008003798      0x2ac ./Drivers/STM32F7xx_HAL_Driver/Src/stm32f7xx_hal_adc.o
                0x0000000008003798                HAL_ADC_ConfigChannel
 .text.ADC_Init
                0x0000000008003a44      0x1f4 ./Drivers/STM32F7xx_HAL_Driver/Src/stm32f7xx_hal_adc.o
 .text.ADC_DMAConvCplt
                0x0000000008003c38       0xba ./Drivers/STM32F7xx_HAL_Driver/Src/stm32f7xx_hal_adc.o
 .text.ADC_DMAHalfConvCplt
                0x0000000008003cf2       0x1c ./Drivers/STM32F7xx_HAL_Driver/Src/stm32f7xx_hal_adc.o
 .text.ADC_DMAError
                0x0000000008003d0e       0x2e ./Drivers/STM32F7xx_HAL_Driver/Src/stm32f7xx_hal_adc.o
 .text.__NVIC_SetPriorityGrouping
                0x0000000008003d3c       0x48 ./Drivers/STM32F7xx_HAL_Driver/Src/stm32f7xx_hal_cortex.o
 .text.__NVIC_GetPriorityGrouping
                0x0000000008003d84       0x1c ./Drivers/STM32F7xx_HAL_Driver/Src/stm32f7xx_hal_cortex.o
 .text.__NVIC_EnableIRQ
                0x0000000008003da0       0x3c ./Drivers/STM32F7xx_HAL_Driver/Src/stm32f7xx_hal_cortex.o
 .text.__NVIC_SetPriority
                0x0000000008003ddc       0x54 ./Drivers/STM32F7xx_HAL_Driver/Src/stm32f7xx_hal_cortex.o
 .text.NVIC_EncodePriority
                0x0000000008003e30       0x66 ./Drivers/STM32F7xx_HAL_Driver/Src/stm32f7xx_hal_cortex.o
 *fill*         0x0000000008003e96        0x2 
 .text.SysTick_Config
                0x0000000008003e98       0x44 ./Drivers/STM32F7xx_HAL_Driver/Src/stm32f7xx_hal_cortex.o
 .text.HAL_NVIC_SetPriorityGrouping
                0x0000000008003edc       0x16 ./Drivers/STM32F7xx_HAL_Driver/Src/stm32f7xx_hal_cortex.o
                0x0000000008003edc                HAL_NVIC_SetPriorityGrouping
 .text.HAL_NVIC_SetPriority
                0x0000000008003ef2       0x38 ./Drivers/STM32F7xx_HAL_Driver/Src/stm32f7xx_hal_cortex.o
                0x0000000008003ef2                HAL_NVIC_SetPriority
 .text.HAL_NVIC_EnableIRQ
                0x0000000008003f2a       0x1c ./Drivers/STM32F7xx_HAL_Driver/Src/stm32f7xx_hal_cortex.o
                0x0000000008003f2a                HAL_NVIC_EnableIRQ
 .text.HAL_SYSTICK_Config
                0x0000000008003f46       0x18 ./Drivers/STM32F7xx_HAL_Driver/Src/stm32f7xx_hal_cortex.o
                0x0000000008003f46                HAL_SYSTICK_Config
 .text.HAL_SYSTICK_IRQHandler
                0x0000000008003f5e        0xc ./Drivers/STM32F7xx_HAL_Driver/Src/stm32f7xx_hal_cortex.o
                0x0000000008003f5e                HAL_SYSTICK_IRQHandler
 *fill*         0x0000000008003f6a        0x2 
 .text.HAL_DMA_Init
                0x0000000008003f6c      0x15c ./Drivers/STM32F7xx_HAL_Driver/Src/stm32f7xx_hal_dma.o
                0x0000000008003f6c                HAL_DMA_Init
 .text.HAL_DMA_Start_IT
                0x00000000080040c8       0xc0 ./Drivers/STM32F7xx_HAL_Driver/Src/stm32f7xx_hal_dma.o
                0x00000000080040c8                HAL_DMA_Start_IT
 .text.HAL_DMA_IRQHandler
                0x0000000008004188      0x314 ./Drivers/STM32F7xx_HAL_Driver/Src/stm32f7xx_hal_dma.o
                0x0000000008004188                HAL_DMA_IRQHandler
 .text.DMA_SetConfig
                0x000000000800449c       0x5c ./Drivers/STM32F7xx_HAL_Driver/Src/stm32f7xx_hal_dma.o
 .text.DMA_CalcBaseAndBitshift
                0x00000000080044f8       0x6c ./Drivers/STM32F7xx_HAL_Driver/Src/stm32f7xx_hal_dma.o
 .text.DMA_CheckFifoParam
                0x0000000008004564       0xf8 ./Drivers/STM32F7xx_HAL_Driver/Src/stm32f7xx_hal_dma.o
 .text.HAL_GPIO_Init
                0x000000000800465c      0x338 ./Drivers/STM32F7xx_HAL_Driver/Src/stm32f7xx_hal_gpio.o
                0x000000000800465c                HAL_GPIO_Init
 .text.HAL_GPIO_ReadPin
                0x0000000008004994       0x30 ./Drivers/STM32F7xx_HAL_Driver/Src/stm32f7xx_hal_gpio.o
                0x0000000008004994                HAL_GPIO_ReadPin
 .text.HAL_GPIO_WritePin
                0x00000000080049c4       0x32 ./Drivers/STM32F7xx_HAL_Driver/Src/stm32f7xx_hal_gpio.o
                0x00000000080049c4                HAL_GPIO_WritePin
 *fill*         0x00000000080049f6        0x2 
 .text.HAL_PWR_EnableBkUpAccess
                0x00000000080049f8       0x20 ./Drivers/STM32F7xx_HAL_Driver/Src/stm32f7xx_hal_pwr.o
                0x00000000080049f8                HAL_PWR_EnableBkUpAccess
 .text.HAL_PWREx_EnableOverDrive
                0x0000000008004a18       0xa0 ./Drivers/STM32F7xx_HAL_Driver/Src/stm32f7xx_hal_pwr_ex.o
                0x0000000008004a18                HAL_PWREx_EnableOverDrive
 .text.HAL_RCC_OscConfig
                0x0000000008004ab8      0x548 ./Drivers/STM32F7xx_HAL_Driver/Src/stm32f7xx_hal_rcc.o
                0x0000000008004ab8                HAL_RCC_OscConfig
 .text.HAL_RCC_ClockConfig
                0x0000000008005000      0x1d8 ./Drivers/STM32F7xx_HAL_Driver/Src/stm32f7xx_hal_rcc.o
                0x0000000008005000                HAL_RCC_ClockConfig
 .text.HAL_RCC_GetSysClockFreq
                0x00000000080051d8      0x20c ./Drivers/STM32F7xx_HAL_Driver/Src/stm32f7xx_hal_rcc.o
                0x00000000080051d8                HAL_RCC_GetSysClockFreq
 .text.HAL_RCC_GetHCLKFreq
                0x00000000080053e4       0x18 ./Drivers/STM32F7xx_HAL_Driver/Src/stm32f7xx_hal_rcc.o
                0x00000000080053e4                HAL_RCC_GetHCLKFreq
 .text.HAL_RCC_GetPCLK1Freq
                0x00000000080053fc       0x28 ./Drivers/STM32F7xx_HAL_Driver/Src/stm32f7xx_hal_rcc.o
                0x00000000080053fc                HAL_RCC_GetPCLK1Freq
 .text.HAL_RCC_GetPCLK2Freq
                0x0000000008005424       0x28 ./Drivers/STM32F7xx_HAL_Driver/Src/stm32f7xx_hal_rcc.o
                0x0000000008005424                HAL_RCC_GetPCLK2Freq
 .text.HAL_RCCEx_PeriphCLKConfig
                0x000000000800544c      0x694 ./Drivers/STM32F7xx_HAL_Driver/Src/stm32f7xx_hal_rcc_ex.o
                0x000000000800544c                HAL_RCCEx_PeriphCLKConfig
 .text.HAL_SPI_Init
                0x0000000008005ae0      0x156 ./Drivers/STM32F7xx_HAL_Driver/Src/stm32f7xx_hal_spi.o
                0x0000000008005ae0                HAL_SPI_Init
 .text.HAL_SPI_Transmit
                0x0000000008005c36      0x2dc ./Drivers/STM32F7xx_HAL_Driver/Src/stm32f7xx_hal_spi.o
                0x0000000008005c36                HAL_SPI_Transmit
 .text.HAL_SPI_TransmitReceive
                0x0000000008005f12      0x426 ./Drivers/STM32F7xx_HAL_Driver/Src/stm32f7xx_hal_spi.o
                0x0000000008005f12                HAL_SPI_TransmitReceive
 .text.SPI_WaitFlagStateUntilTimeout
                0x0000000008006338      0x110 ./Drivers/STM32F7xx_HAL_Driver/Src/stm32f7xx_hal_spi.o
 .text.SPI_WaitFifoStateUntilTimeout
                0x0000000008006448      0x12c ./Drivers/STM32F7xx_HAL_Driver/Src/stm32f7xx_hal_spi.o
 .text.SPI_EndRxTxTransaction
                0x0000000008006574       0xd4 ./Drivers/STM32F7xx_HAL_Driver/Src/stm32f7xx_hal_spi.o
 .text.HAL_SRAM_Init
                0x0000000008006648       0x90 ./Drivers/STM32F7xx_HAL_Driver/Src/stm32f7xx_hal_sram.o
                0x0000000008006648                HAL_SRAM_Init
 .text.HAL_TIM_Base_Init
                0x00000000080066d8       0xae ./Drivers/STM32F7xx_HAL_Driver/Src/stm32f7xx_hal_tim.o
                0x00000000080066d8                HAL_TIM_Base_Init
 *fill*         0x0000000008006786        0x2 
 .text.HAL_TIM_Base_Start
                0x0000000008006788       0xe0 ./Drivers/STM32F7xx_HAL_Driver/Src/stm32f7xx_hal_tim.o
                0x0000000008006788                HAL_TIM_Base_Start
 .text.HAL_TIM_Base_Stop
                0x0000000008006868       0x4e ./Drivers/STM32F7xx_HAL_Driver/Src/stm32f7xx_hal_tim.o
                0x0000000008006868                HAL_TIM_Base_Stop
 *fill*         0x00000000080068b6        0x2 
 .text.TIM_Base_SetConfig
                0x00000000080068b8      0x140 ./Drivers/STM32F7xx_HAL_Driver/Src/stm32f7xx_hal_tim.o
                0x00000000080068b8                TIM_Base_SetConfig
 .text.HAL_TIMEx_MasterConfigSynchronization
                0x00000000080069f8      0x11c ./Drivers/STM32F7xx_HAL_Driver/Src/stm32f7xx_hal_tim_ex.o
                0x00000000080069f8                HAL_TIMEx_MasterConfigSynchronization
 .text.HAL_UART_Init
                0x0000000008006b14       0x9c ./Drivers/STM32F7xx_HAL_Driver/Src/stm32f7xx_hal_uart.o
                0x0000000008006b14                HAL_UART_Init
 .text.HAL_UART_Transmit
                0x0000000008006bb0      0x106 ./Drivers/STM32F7xx_HAL_Driver/Src/stm32f7xx_hal_uart.o
                0x0000000008006bb0                HAL_UART_Transmit
 .text.HAL_UART_Receive
                0x0000000008006cb6      0x188 ./Drivers/STM32F7xx_HAL_Driver/Src/stm32f7xx_hal_uart.o
                0x0000000008006cb6                HAL_UART_Receive
 *fill*         0x0000000008006e3e        0x2 
 .text.UART_SetConfig
                0x0000000008006e40      0x4c8 ./Drivers/STM32F7xx_HAL_Driver/Src/stm32f7xx_hal_uart.o
                0x0000000008006e40                UART_SetConfig
 .text.UART_AdvFeatureConfig
                0x0000000008007308      0x144 ./Drivers/STM32F7xx_HAL_Driver/Src/stm32f7xx_hal_uart.o
                0x0000000008007308                UART_AdvFeatureConfig
 .text.UART_CheckIdleState
                0x000000000800744c       0x6e ./Drivers/STM32F7xx_HAL_Driver/Src/stm32f7xx_hal_uart.o
                0x000000000800744c                UART_CheckIdleState
 .text.UART_WaitOnFlagUntilTimeout
                0x00000000080074ba      0x18c ./Drivers/STM32F7xx_HAL_Driver/Src/stm32f7xx_hal_uart.o
                0x00000000080074ba                UART_WaitOnFlagUntilTimeout
 *fill*         0x0000000008007646        0x2 
 .text.FMC_NORSRAM_Init
                0x0000000008007648      0x120 ./Drivers/STM32F7xx_HAL_Driver/Src/stm32f7xx_ll_fmc.o
                0x0000000008007648                FMC_NORSRAM_Init
 .text.FMC_NORSRAM_Timing_Init
                0x0000000008007768       0xa0 ./Drivers/STM32F7xx_HAL_Driver/Src/stm32f7xx_ll_fmc.o
                0x0000000008007768                FMC_NORSRAM_Timing_Init
 .text.FMC_NORSRAM_Extended_Timing_Init
                0x0000000008007808       0x70 ./Drivers/STM32F7xx_HAL_Driver/Src/stm32f7xx_ll_fmc.o
                0x0000000008007808                FMC_NORSRAM_Extended_Timing_Init
 .text.MX_FATFS_Init
                0x0000000008007878       0x24 ./FATFS/App/fatfs.o
                0x0000000008007878                MX_FATFS_Init
 .text.USER_initialize
                0x000000000800789c       0x1c ./FATFS/Target/user_diskio.o
                0x000000000800789c                USER_initialize
 .text.USER_status
                0x00000000080078b8       0x1c ./FATFS/Target/user_diskio.o
                0x00000000080078b8                USER_status
 .text.USER_read
                0x00000000080078d4       0x26 ./FATFS/Target/user_diskio.o
                0x00000000080078d4                USER_read
 .text.USER_write
                0x00000000080078fa       0x26 ./FATFS/Target/user_diskio.o
                0x00000000080078fa                USER_write
 .text.USER_ioctl
                0x0000000008007920       0x26 ./FATFS/Target/user_diskio.o
                0x0000000008007920                USER_ioctl
 *fill*         0x0000000008007946        0x2 
 .text.socket   0x0000000008007948      0x234 ./Libraries/Ethernet/socket.o
                0x0000000008007948                socket
 .text.close    0x0000000008007b7c      0x17c ./Libraries/Ethernet/socket.o
                0x0000000008007b7c                close
 .text.connect  0x0000000008007cf8      0x1b8 ./Libraries/Ethernet/socket.o
                0x0000000008007cf8                connect
 .text.disconnect
                0x0000000008007eb0       0xe0 ./Libraries/Ethernet/socket.o
                0x0000000008007eb0                disconnect
 .text.send     0x0000000008007f90      0x1f8 ./Libraries/Ethernet/socket.o
                0x0000000008007f90                send
 .text.recv     0x0000000008008188      0x2c8 ./Libraries/Ethernet/socket.o
                0x0000000008008188                recv
 .text.sendto   0x0000000008008450      0x410 ./Libraries/Ethernet/socket.o
                0x0000000008008450                sendto
 .text.WIZCHIP_WRITE
                0x0000000008008860       0x3c ./Libraries/Ethernet/w5300.o
                0x0000000008008860                WIZCHIP_WRITE
 .text.WIZCHIP_READ
                0x000000000800889c       0x3c ./Libraries/Ethernet/w5300.o
                0x000000000800889c                WIZCHIP_READ
 .text.setTMSR  0x00000000080088d8       0x72 ./Libraries/Ethernet/w5300.o
                0x00000000080088d8                setTMSR
 .text.getTMSR  0x000000000800894a       0x46 ./Libraries/Ethernet/w5300.o
                0x000000000800894a                getTMSR
 .text.setRMSR  0x0000000008008990       0x72 ./Libraries/Ethernet/w5300.o
                0x0000000008008990                setRMSR
 .text.getRMSR  0x0000000008008a02       0x46 ./Libraries/Ethernet/w5300.o
                0x0000000008008a02                getRMSR
 .text.getSn_TX_FSR
                0x0000000008008a48       0x52 ./Libraries/Ethernet/w5300.o
                0x0000000008008a48                getSn_TX_FSR
 *fill*         0x0000000008008a9a        0x2 
 .text.getSn_RX_RSR
                0x0000000008008a9c       0x64 ./Libraries/Ethernet/w5300.o
                0x0000000008008a9c                getSn_RX_RSR
 .text.wiz_send_data
                0x0000000008008b00       0x64 ./Libraries/Ethernet/w5300.o
                0x0000000008008b00                wiz_send_data
 .text.wiz_recv_data
                0x0000000008008b64       0x84 ./Libraries/Ethernet/w5300.o
                0x0000000008008b64                wiz_recv_data
 .text.wizchip_cris_enter
                0x0000000008008be8        0xe ./Libraries/Ethernet/wizchip_conf.o
                0x0000000008008be8                wizchip_cris_enter
 .text.wizchip_cris_exit
                0x0000000008008bf6        0xe ./Libraries/Ethernet/wizchip_conf.o
                0x0000000008008bf6                wizchip_cris_exit
 .text.wizchip_cs_select
                0x0000000008008c04        0xe ./Libraries/Ethernet/wizchip_conf.o
                0x0000000008008c04                wizchip_cs_select
 .text.wizchip_cs_deselect
                0x0000000008008c12        0xe ./Libraries/Ethernet/wizchip_conf.o
                0x0000000008008c12                wizchip_cs_deselect
 .text.wizchip_bus_readdata
                0x0000000008008c20       0x1a ./Libraries/Ethernet/wizchip_conf.o
                0x0000000008008c20                wizchip_bus_readdata
 .text.wizchip_bus_writedata
                0x0000000008008c3a       0x1e ./Libraries/Ethernet/wizchip_conf.o
                0x0000000008008c3a                wizchip_bus_writedata
 .text.reg_wizchip_cs_cbfunc
                0x0000000008008c58       0x4c ./Libraries/Ethernet/wizchip_conf.o
                0x0000000008008c58                reg_wizchip_cs_cbfunc
 .text.reg_wizchip_bus_cbfunc
                0x0000000008008ca4       0x58 ./Libraries/Ethernet/wizchip_conf.o
                0x0000000008008ca4                reg_wizchip_bus_cbfunc
 .text.ctlwizchip
                0x0000000008008cfc       0xf8 ./Libraries/Ethernet/wizchip_conf.o
                0x0000000008008cfc                ctlwizchip
 .text.ctlnetwork
                0x0000000008008df4       0x7c ./Libraries/Ethernet/wizchip_conf.o
                0x0000000008008df4                ctlnetwork
 .text.wizchip_sw_reset
                0x0000000008008e70      0x1f0 ./Libraries/Ethernet/wizchip_conf.o
                0x0000000008008e70                wizchip_sw_reset
 .text.wizchip_init
                0x0000000008009060      0x12c ./Libraries/Ethernet/wizchip_conf.o
                0x0000000008009060                wizchip_init
 .text.wizchip_clrinterrupt
                0x000000000800918c       0x44 ./Libraries/Ethernet/wizchip_conf.o
                0x000000000800918c                wizchip_clrinterrupt
 .text.wizchip_getinterrupt
                0x00000000080091d0       0x48 ./Libraries/Ethernet/wizchip_conf.o
                0x00000000080091d0                wizchip_getinterrupt
 .text.wizchip_setinterruptmask
                0x0000000008009218       0x44 ./Libraries/Ethernet/wizchip_conf.o
                0x0000000008009218                wizchip_setinterruptmask
 .text.wizchip_getinterruptmask
                0x000000000800925c       0x50 ./Libraries/Ethernet/wizchip_conf.o
                0x000000000800925c                wizchip_getinterruptmask
 .text.wizchip_setnetinfo
                0x00000000080092ac      0x13c ./Libraries/Ethernet/wizchip_conf.o
                0x00000000080092ac                wizchip_setnetinfo
 .text.wizchip_getnetinfo
                0x00000000080093e8      0x160 ./Libraries/Ethernet/wizchip_conf.o
                0x00000000080093e8                wizchip_getnetinfo
 .text.wizchip_setnetmode
                0x0000000008009548       0x46 ./Libraries/Ethernet/wizchip_conf.o
                0x0000000008009548                wizchip_setnetmode
 .text.wizchip_getnetmode
                0x000000000800958e       0x12 ./Libraries/Ethernet/wizchip_conf.o
                0x000000000800958e                wizchip_getnetmode
 .text.wizchip_settimeout
                0x00000000080095a0       0x2a ./Libraries/Ethernet/wizchip_conf.o
                0x00000000080095a0                wizchip_settimeout
 .text.wizchip_gettimeout
                0x00000000080095ca       0x2c ./Libraries/Ethernet/wizchip_conf.o
                0x00000000080095ca                wizchip_gettimeout
 .text.NewMessageData
                0x00000000080095f6       0x24 ./Libraries/MQTT/MQTTClient.o
 .text.getNextPacketId
                0x000000000800961a       0x32 ./Libraries/MQTT/MQTTClient.o
 .text.sendPacket
                0x000000000800964c       0x92 ./Libraries/MQTT/MQTTClient.o
 .text.MQTTClientInit
                0x00000000080096de       0x7c ./Libraries/MQTT/MQTTClient.o
                0x00000000080096de                MQTTClientInit
 .text.decodePacket
                0x000000000800975a       0x88 ./Libraries/MQTT/MQTTClient.o
 .text.readPacket
                0x00000000080097e2       0xc8 ./Libraries/MQTT/MQTTClient.o
 .text.isTopicMatched
                0x00000000080098aa       0xd2 ./Libraries/MQTT/MQTTClient.o
 .text.deliverMessage
                0x000000000800997c       0xd6 ./Libraries/MQTT/MQTTClient.o
                0x000000000800997c                deliverMessage
 .text.keepalive
                0x0000000008009a52       0x8e ./Libraries/MQTT/MQTTClient.o
                0x0000000008009a52                keepalive
 .text.cycle    0x0000000008009ae0      0x1c8 ./Libraries/MQTT/MQTTClient.o
                0x0000000008009ae0                cycle
 .text.MQTTYield
                0x0000000008009ca8       0x4a ./Libraries/MQTT/MQTTClient.o
                0x0000000008009ca8                MQTTYield
 .text.waitfor  0x0000000008009cf2       0x3e ./Libraries/MQTT/MQTTClient.o
                0x0000000008009cf2                waitfor
 .text.MQTTConnect
                0x0000000008009d30      0x10c ./Libraries/MQTT/MQTTClient.o
                0x0000000008009d30                MQTTConnect
 .text.MQTTSubscribe
                0x0000000008009e3c      0x152 ./Libraries/MQTT/MQTTClient.o
                0x0000000008009e3c                MQTTSubscribe
 .text.MQTTPublish
                0x0000000008009f8e      0x17e ./Libraries/MQTT/MQTTClient.o
                0x0000000008009f8e                MQTTPublish
 .text.MilliTimer_Handler
                0x000000000800a10c       0x1c ./Libraries/MQTT/mqtt_interface.o
                0x000000000800a10c                MilliTimer_Handler
 .text.TimerInit
                0x000000000800a128       0x1a ./Libraries/MQTT/mqtt_interface.o
                0x000000000800a128                TimerInit
 *fill*         0x000000000800a142        0x2 
 .text.TimerIsExpired
                0x000000000800a144       0x2c ./Libraries/MQTT/mqtt_interface.o
                0x000000000800a144                TimerIsExpired
 .text.TimerCountdownMS
                0x000000000800a170       0x28 ./Libraries/MQTT/mqtt_interface.o
                0x000000000800a170                TimerCountdownMS
 .text.TimerCountdown
                0x000000000800a198       0x30 ./Libraries/MQTT/mqtt_interface.o
                0x000000000800a198                TimerCountdown
 .text.TimerLeftMS
                0x000000000800a1c8       0x2c ./Libraries/MQTT/mqtt_interface.o
                0x000000000800a1c8                TimerLeftMS
 .text.NewNetwork
                0x000000000800a1f4       0x3c ./Libraries/MQTT/mqtt_interface.o
                0x000000000800a1f4                NewNetwork
 .text.w5x00_read
                0x000000000800a230       0x58 ./Libraries/MQTT/mqtt_interface.o
                0x000000000800a230                w5x00_read
 .text.w5x00_write
                0x000000000800a288       0x46 ./Libraries/MQTT/mqtt_interface.o
                0x000000000800a288                w5x00_write
 .text.w5x00_disconnect
                0x000000000800a2ce       0x1c ./Libraries/MQTT/mqtt_interface.o
                0x000000000800a2ce                w5x00_disconnect
 .text.ConnectNetwork
                0x000000000800a2ea       0x58 ./Libraries/MQTT/mqtt_interface.o
                0x000000000800a2ea                ConnectNetwork
 .text.MQTTSerialize_connectLength
                0x000000000800a342       0xc2 ./Libraries/MQTT/MQTTPacket/src/MQTTConnectClient.o
                0x000000000800a342                MQTTSerialize_connectLength
 .text.MQTTSerialize_connect
                0x000000000800a404      0x1d8 ./Libraries/MQTT/MQTTPacket/src/MQTTConnectClient.o
                0x000000000800a404                MQTTSerialize_connect
 .text.MQTTDeserialize_connack
                0x000000000800a5dc       0xaa ./Libraries/MQTT/MQTTPacket/src/MQTTConnectClient.o
                0x000000000800a5dc                MQTTDeserialize_connack
 .text.MQTTSerialize_zero
                0x000000000800a686       0x70 ./Libraries/MQTT/MQTTPacket/src/MQTTConnectClient.o
                0x000000000800a686                MQTTSerialize_zero
 .text.MQTTSerialize_pingreq
                0x000000000800a6f6       0x1e ./Libraries/MQTT/MQTTPacket/src/MQTTConnectClient.o
                0x000000000800a6f6                MQTTSerialize_pingreq
 .text.MQTTDeserialize_publish
                0x000000000800a714       0xe4 ./Libraries/MQTT/MQTTPacket/src/MQTTDeserializePublish.o
                0x000000000800a714                MQTTDeserialize_publish
 .text.MQTTDeserialize_ack
                0x000000000800a7f8       0x96 ./Libraries/MQTT/MQTTPacket/src/MQTTDeserializePublish.o
                0x000000000800a7f8                MQTTDeserialize_ack
 .text.MQTTPacket_encode
                0x000000000800a88e       0x5e ./Libraries/MQTT/MQTTPacket/src/MQTTPacket.o
                0x000000000800a88e                MQTTPacket_encode
 .text.MQTTPacket_decode
                0x000000000800a8ec       0x78 ./Libraries/MQTT/MQTTPacket/src/MQTTPacket.o
                0x000000000800a8ec                MQTTPacket_decode
 .text.MQTTPacket_len
                0x000000000800a964       0x54 ./Libraries/MQTT/MQTTPacket/src/MQTTPacket.o
                0x000000000800a964                MQTTPacket_len
 .text.bufchar  0x000000000800a9b8       0x40 ./Libraries/MQTT/MQTTPacket/src/MQTTPacket.o
                0x000000000800a9b8                bufchar
 .text.MQTTPacket_decodeBuf
                0x000000000800a9f8       0x2c ./Libraries/MQTT/MQTTPacket/src/MQTTPacket.o
                0x000000000800a9f8                MQTTPacket_decodeBuf
 .text.readInt  0x000000000800aa24       0x36 ./Libraries/MQTT/MQTTPacket/src/MQTTPacket.o
                0x000000000800aa24                readInt
 .text.readChar
                0x000000000800aa5a       0x28 ./Libraries/MQTT/MQTTPacket/src/MQTTPacket.o
                0x000000000800aa5a                readChar
 .text.writeChar
                0x000000000800aa82       0x2a ./Libraries/MQTT/MQTTPacket/src/MQTTPacket.o
                0x000000000800aa82                writeChar
 .text.writeInt
                0x000000000800aaac       0x52 ./Libraries/MQTT/MQTTPacket/src/MQTTPacket.o
                0x000000000800aaac                writeInt
 .text.writeCString
                0x000000000800aafe       0x3e ./Libraries/MQTT/MQTTPacket/src/MQTTPacket.o
                0x000000000800aafe                writeCString
 .text.writeMQTTString
                0x000000000800ab3c       0x5c ./Libraries/MQTT/MQTTPacket/src/MQTTPacket.o
                0x000000000800ab3c                writeMQTTString
 .text.readMQTTLenString
                0x000000000800ab98       0x62 ./Libraries/MQTT/MQTTPacket/src/MQTTPacket.o
                0x000000000800ab98                readMQTTLenString
 .text.MQTTstrlen
                0x000000000800abfa       0x32 ./Libraries/MQTT/MQTTPacket/src/MQTTPacket.o
                0x000000000800abfa                MQTTstrlen
 .text.MQTTPacket_equals
                0x000000000800ac2c       0x6e ./Libraries/MQTT/MQTTPacket/src/MQTTPacket.o
                0x000000000800ac2c                MQTTPacket_equals
 .text.MQTTSerialize_publishLength
                0x000000000800ac9a       0x40 ./Libraries/MQTT/MQTTPacket/src/MQTTSerializePublish.o
                0x000000000800ac9a                MQTTSerialize_publishLength
 .text.MQTTSerialize_publish
                0x000000000800acda       0xec ./Libraries/MQTT/MQTTPacket/src/MQTTSerializePublish.o
                0x000000000800acda                MQTTSerialize_publish
 .text.MQTTSerialize_ack
                0x000000000800adc6       0xaa ./Libraries/MQTT/MQTTPacket/src/MQTTSerializePublish.o
                0x000000000800adc6                MQTTSerialize_ack
 .text.MQTTSerialize_subscribeLength
                0x000000000800ae70       0x4e ./Libraries/MQTT/MQTTPacket/src/MQTTSubscribeClient.o
                0x000000000800ae70                MQTTSerialize_subscribeLength
 .text.MQTTSerialize_subscribe
                0x000000000800aebe       0xf4 ./Libraries/MQTT/MQTTPacket/src/MQTTSubscribeClient.o
                0x000000000800aebe                MQTTSerialize_subscribe
 .text.MQTTDeserialize_suback
                0x000000000800afb2       0xce ./Libraries/MQTT/MQTTPacket/src/MQTTSubscribeClient.o
                0x000000000800afb2                MQTTDeserialize_suback
 .text.wizchip_select
                0x000000000800b080       0x18 ./Libraries/library_io_driver/w5x00_bus.o
 .text.wizchip_deselect
                0x000000000800b098       0x18 ./Libraries/library_io_driver/w5x00_bus.o
 .text.wizchip_read
                0x000000000800b0b0       0x20 ./Libraries/library_io_driver/w5x00_bus.o
 .text.wizchip_write
                0x000000000800b0d0       0x26 ./Libraries/library_io_driver/w5x00_bus.o
 *fill*         0x000000000800b0f6        0x2 
 .text.wizchip_initialize
                0x000000000800b0f8       0x5c ./Libraries/library_io_driver/w5x00_bus.o
                0x000000000800b0f8                wizchip_initialize
 .text.wizchip_reset
                0x000000000800b154       0x30 ./Libraries/library_io_driver/w5x00_bus.o
                0x000000000800b154                wizchip_reset
 .text.wizchip_check
                0x000000000800b184        0xe ./Libraries/library_io_driver/w5x00_bus.o
                0x000000000800b184                wizchip_check
 .text.wizchip_network_initialize
                0x000000000800b192       0x24 ./Libraries/library_io_driver/w5x00_network.o
                0x000000000800b192                wizchip_network_initialize
 *fill*         0x000000000800b1b6        0x2 
 .text.wizchip_network_information
                0x000000000800b1b8      0x138 ./Libraries/library_io_driver/w5x00_network.o
                0x000000000800b1b8                wizchip_network_information
 .text.HAL_SYSTICK_Callback
                0x000000000800b2f0       0x58 ./Libraries/timer/w5x00_timer.o
                0x000000000800b2f0                HAL_SYSTICK_Callback
 .text.wizchip_1msec_timer_initialize
                0x000000000800b348       0x20 ./Libraries/timer/w5x00_timer.o
                0x000000000800b348                wizchip_1msec_timer_initialize
 .text.wizchip_1msec_timer_callback
                0x000000000800b368       0x1c ./Libraries/timer/w5x00_timer.o
                0x000000000800b368                wizchip_1msec_timer_callback
 .text.wizchip_1sec_timer_callback
                0x000000000800b384       0x1c ./Libraries/timer/w5x00_timer.o
                0x000000000800b384                wizchip_1sec_timer_callback
 .text.FATFS_LinkDriverEx
                0x000000000800b3a0       0x98 ./Middlewares/Third_Party/FatFs/src/ff_gen_drv.o
                0x000000000800b3a0                FATFS_LinkDriverEx
 .text.FATFS_LinkDriver
                0x000000000800b438       0x1e ./Middlewares/Third_Party/FatFs/src/ff_gen_drv.o
                0x000000000800b438                FATFS_LinkDriver
 *fill*         0x000000000800b456        0x2 
 .text.trunc    0x000000000800b458       0x74 C:/ST/STM32CubeIDE_1.13.0/STM32CubeIDE/plugins/com.st.stm32cube.ide.mcu.externaltools.gnu-tools-for-stm32.11.3.rel1.win32_1.1.0.202305231506/tools/bin/../lib/gcc/arm-none-eabi/11.3.1/../../../../arm-none-eabi/lib/thumb/v7e-m+fp/hard\libm.a(libm_a-s_trunc.o)
                0x000000000800b458                trunc
 .text.sbrk_aligned
                0x000000000800b4cc       0x40 C:/ST/STM32CubeIDE_1.13.0/STM32CubeIDE/plugins/com.st.stm32cube.ide.mcu.externaltools.gnu-tools-for-stm32.11.3.rel1.win32_1.1.0.202305231506/tools/bin/../lib/gcc/arm-none-eabi/11.3.1/../../../../arm-none-eabi/lib/thumb/v7e-m+fp/hard\libc_nano.a(libc_a-mallocr.o)
 .text._malloc_r
                0x000000000800b50c      0x100 C:/ST/STM32CubeIDE_1.13.0/STM32CubeIDE/plugins/com.st.stm32cube.ide.mcu.externaltools.gnu-tools-for-stm32.11.3.rel1.win32_1.1.0.202305231506/tools/bin/../lib/gcc/arm-none-eabi/11.3.1/../../../../arm-none-eabi/lib/thumb/v7e-m+fp/hard\libc_nano.a(libc_a-mallocr.o)
                0x000000000800b50c                _malloc_r
 .text.__malloc_lock
                0x000000000800b60c        0xc C:/ST/STM32CubeIDE_1.13.0/STM32CubeIDE/plugins/com.st.stm32cube.ide.mcu.externaltools.gnu-tools-for-stm32.11.3.rel1.win32_1.1.0.202305231506/tools/bin/../lib/gcc/arm-none-eabi/11.3.1/../../../../arm-none-eabi/lib/thumb/v7e-m+fp/hard\libc_nano.a(libc_a-mlock.o)
                0x000000000800b60c                __malloc_lock
 .text.__malloc_unlock
                0x000000000800b618        0xc C:/ST/STM32CubeIDE_1.13.0/STM32CubeIDE/plugins/com.st.stm32cube.ide.mcu.externaltools.gnu-tools-for-stm32.11.3.rel1.win32_1.1.0.202305231506/tools/bin/../lib/gcc/arm-none-eabi/11.3.1/../../../../arm-none-eabi/lib/thumb/v7e-m+fp/hard\libc_nano.a(libc_a-mlock.o)
                0x000000000800b618                __malloc_unlock
 .text.__sflush_r
                0x000000000800b624      0x10c C:/ST/STM32CubeIDE_1.13.0/STM32CubeIDE/plugins/com.st.stm32cube.ide.mcu.externaltools.gnu-tools-for-stm32.11.3.rel1.win32_1.1.0.202305231506/tools/bin/../lib/gcc/arm-none-eabi/11.3.1/../../../../arm-none-eabi/lib/thumb/v7e-m+fp/hard\libc_nano.a(libc_a-fflush.o)
                0x000000000800b624                __sflush_r
 .text._fflush_r
                0x000000000800b730       0x50 C:/ST/STM32CubeIDE_1.13.0/STM32CubeIDE/plugins/com.st.stm32cube.ide.mcu.externaltools.gnu-tools-for-stm32.11.3.rel1.win32_1.1.0.202305231506/tools/bin/../lib/gcc/arm-none-eabi/11.3.1/../../../../arm-none-eabi/lib/thumb/v7e-m+fp/hard\libc_nano.a(libc_a-fflush.o)
                0x000000000800b730                _fflush_r
 .text.std      0x000000000800b780       0x48 C:/ST/STM32CubeIDE_1.13.0/STM32CubeIDE/plugins/com.st.stm32cube.ide.mcu.externaltools.gnu-tools-for-stm32.11.3.rel1.win32_1.1.0.202305231506/tools/bin/../lib/gcc/arm-none-eabi/11.3.1/../../../../arm-none-eabi/lib/thumb/v7e-m+fp/hard\libc_nano.a(libc_a-findfp.o)
 .text.stdio_exit_handler
                0x000000000800b7c8       0x18 C:/ST/STM32CubeIDE_1.13.0/STM32CubeIDE/plugins/com.st.stm32cube.ide.mcu.externaltools.gnu-tools-for-stm32.11.3.rel1.win32_1.1.0.202305231506/tools/bin/../lib/gcc/arm-none-eabi/11.3.1/../../../../arm-none-eabi/lib/thumb/v7e-m+fp/hard\libc_nano.a(libc_a-findfp.o)
 .text.cleanup_stdio
                0x000000000800b7e0       0x40 C:/ST/STM32CubeIDE_1.13.0/STM32CubeIDE/plugins/com.st.stm32cube.ide.mcu.externaltools.gnu-tools-for-stm32.11.3.rel1.win32_1.1.0.202305231506/tools/bin/../lib/gcc/arm-none-eabi/11.3.1/../../../../arm-none-eabi/lib/thumb/v7e-m+fp/hard\libc_nano.a(libc_a-findfp.o)
 .text.global_stdio_init.part.0
                0x000000000800b820       0x3c C:/ST/STM32CubeIDE_1.13.0/STM32CubeIDE/plugins/com.st.stm32cube.ide.mcu.externaltools.gnu-tools-for-stm32.11.3.rel1.win32_1.1.0.202305231506/tools/bin/../lib/gcc/arm-none-eabi/11.3.1/../../../../arm-none-eabi/lib/thumb/v7e-m+fp/hard\libc_nano.a(libc_a-findfp.o)
 .text.__sfp_lock_acquire
                0x000000000800b85c        0xc C:/ST/STM32CubeIDE_1.13.0/STM32CubeIDE/plugins/com.st.stm32cube.ide.mcu.externaltools.gnu-tools-for-stm32.11.3.rel1.win32_1.1.0.202305231506/tools/bin/../lib/gcc/arm-none-eabi/11.3.1/../../../../arm-none-eabi/lib/thumb/v7e-m+fp/hard\libc_nano.a(libc_a-findfp.o)
                0x000000000800b85c                __sfp_lock_acquire
 .text.__sfp_lock_release
                0x000000000800b868        0xc C:/ST/STM32CubeIDE_1.13.0/STM32CubeIDE/plugins/com.st.stm32cube.ide.mcu.externaltools.gnu-tools-for-stm32.11.3.rel1.win32_1.1.0.202305231506/tools/bin/../lib/gcc/arm-none-eabi/11.3.1/../../../../arm-none-eabi/lib/thumb/v7e-m+fp/hard\libc_nano.a(libc_a-findfp.o)
                0x000000000800b868                __sfp_lock_release
 .text.__sinit  0x000000000800b874       0x30 C:/ST/STM32CubeIDE_1.13.0/STM32CubeIDE/plugins/com.st.stm32cube.ide.mcu.externaltools.gnu-tools-for-stm32.11.3.rel1.win32_1.1.0.202305231506/tools/bin/../lib/gcc/arm-none-eabi/11.3.1/../../../../arm-none-eabi/lib/thumb/v7e-m+fp/hard\libc_nano.a(libc_a-findfp.o)
                0x000000000800b874                __sinit
 .text._fwalk_sglue
                0x000000000800b8a4       0x3c C:/ST/STM32CubeIDE_1.13.0/STM32CubeIDE/plugins/com.st.stm32cube.ide.mcu.externaltools.gnu-tools-for-stm32.11.3.rel1.win32_1.1.0.202305231506/tools/bin/../lib/gcc/arm-none-eabi/11.3.1/../../../../arm-none-eabi/lib/thumb/v7e-m+fp/hard\libc_nano.a(libc_a-fwalk.o)
                0x000000000800b8a4                _fwalk_sglue
 .text.printf   0x000000000800b8e0       0x24 C:/ST/STM32CubeIDE_1.13.0/STM32CubeIDE/plugins/com.st.stm32cube.ide.mcu.externaltools.gnu-tools-for-stm32.11.3.rel1.win32_1.1.0.202305231506/tools/bin/../lib/gcc/arm-none-eabi/11.3.1/../../../../arm-none-eabi/lib/thumb/v7e-m+fp/hard\libc_nano.a(libc_a-printf.o)
                0x000000000800b8e0                iprintf
                0x000000000800b8e0                printf
 .text._puts_r  0x000000000800b904       0xa8 C:/ST/STM32CubeIDE_1.13.0/STM32CubeIDE/plugins/com.st.stm32cube.ide.mcu.externaltools.gnu-tools-for-stm32.11.3.rel1.win32_1.1.0.202305231506/tools/bin/../lib/gcc/arm-none-eabi/11.3.1/../../../../arm-none-eabi/lib/thumb/v7e-m+fp/hard\libc_nano.a(libc_a-puts.o)
                0x000000000800b904                _puts_r
 .text.puts     0x000000000800b9ac       0x10 C:/ST/STM32CubeIDE_1.13.0/STM32CubeIDE/plugins/com.st.stm32cube.ide.mcu.externaltools.gnu-tools-for-stm32.11.3.rel1.win32_1.1.0.202305231506/tools/bin/../lib/gcc/arm-none-eabi/11.3.1/../../../../arm-none-eabi/lib/thumb/v7e-m+fp/hard\libc_nano.a(libc_a-puts.o)
                0x000000000800b9ac                puts
 .text.snprintf
                0x000000000800b9bc       0x68 C:/ST/STM32CubeIDE_1.13.0/STM32CubeIDE/plugins/com.st.stm32cube.ide.mcu.externaltools.gnu-tools-for-stm32.11.3.rel1.win32_1.1.0.202305231506/tools/bin/../lib/gcc/arm-none-eabi/11.3.1/../../../../arm-none-eabi/lib/thumb/v7e-m+fp/hard\libc_nano.a(libc_a-snprintf.o)
                0x000000000800b9bc                sniprintf
                0x000000000800b9bc                snprintf
 .text.__sread  0x000000000800ba24       0x22 C:/ST/STM32CubeIDE_1.13.0/STM32CubeIDE/plugins/com.st.stm32cube.ide.mcu.externaltools.gnu-tools-for-stm32.11.3.rel1.win32_1.1.0.202305231506/tools/bin/../lib/gcc/arm-none-eabi/11.3.1/../../../../arm-none-eabi/lib/thumb/v7e-m+fp/hard\libc_nano.a(libc_a-stdio.o)
                0x000000000800ba24                __sread
 .text.__swrite
                0x000000000800ba46       0x38 C:/ST/STM32CubeIDE_1.13.0/STM32CubeIDE/plugins/com.st.stm32cube.ide.mcu.externaltools.gnu-tools-for-stm32.11.3.rel1.win32_1.1.0.202305231506/tools/bin/../lib/gcc/arm-none-eabi/11.3.1/../../../../arm-none-eabi/lib/thumb/v7e-m+fp/hard\libc_nano.a(libc_a-stdio.o)
                0x000000000800ba46                __swrite
 .text.__sseek  0x000000000800ba7e       0x24 C:/ST/STM32CubeIDE_1.13.0/STM32CubeIDE/plugins/com.st.stm32cube.ide.mcu.externaltools.gnu-tools-for-stm32.11.3.rel1.win32_1.1.0.202305231506/tools/bin/../lib/gcc/arm-none-eabi/11.3.1/../../../../arm-none-eabi/lib/thumb/v7e-m+fp/hard\libc_nano.a(libc_a-stdio.o)
                0x000000000800ba7e                __sseek
 .text.__sclose
                0x000000000800baa2        0x8 C:/ST/STM32CubeIDE_1.13.0/STM32CubeIDE/plugins/com.st.stm32cube.ide.mcu.externaltools.gnu-tools-for-stm32.11.3.rel1.win32_1.1.0.202305231506/tools/bin/../lib/gcc/arm-none-eabi/11.3.1/../../../../arm-none-eabi/lib/thumb/v7e-m+fp/hard\libc_nano.a(libc_a-stdio.o)
                0x000000000800baa2                __sclose
 .text.__swbuf_r
                0x000000000800baaa       0x7a C:/ST/STM32CubeIDE_1.13.0/STM32CubeIDE/plugins/com.st.stm32cube.ide.mcu.externaltools.gnu-tools-for-stm32.11.3.rel1.win32_1.1.0.202305231506/tools/bin/../lib/gcc/arm-none-eabi/11.3.1/../../../../arm-none-eabi/lib/thumb/v7e-m+fp/hard\libc_nano.a(libc_a-wbuf.o)
                0x000000000800baaa                __swbuf_r
 .text.__swsetup_r
                0x000000000800bb24       0xb0 C:/ST/STM32CubeIDE_1.13.0/STM32CubeIDE/plugins/com.st.stm32cube.ide.mcu.externaltools.gnu-tools-for-stm32.11.3.rel1.win32_1.1.0.202305231506/tools/bin/../lib/gcc/arm-none-eabi/11.3.1/../../../../arm-none-eabi/lib/thumb/v7e-m+fp/hard\libc_nano.a(libc_a-wsetup.o)
                0x000000000800bb24                __swsetup_r
 .text.memset   0x000000000800bbd4       0x10 C:/ST/STM32CubeIDE_1.13.0/STM32CubeIDE/plugins/com.st.stm32cube.ide.mcu.externaltools.gnu-tools-for-stm32.11.3.rel1.win32_1.1.0.202305231506/tools/bin/../lib/gcc/arm-none-eabi/11.3.1/../../../../arm-none-eabi/lib/thumb/v7e-m+fp/hard\libc_nano.a(libc_a-memset.o)
                0x000000000800bbd4                memset
 .text.strncmp  0x000000000800bbe4       0x24 C:/ST/STM32CubeIDE_1.13.0/STM32CubeIDE/plugins/com.st.stm32cube.ide.mcu.externaltools.gnu-tools-for-stm32.11.3.rel1.win32_1.1.0.202305231506/tools/bin/../lib/gcc/arm-none-eabi/11.3.1/../../../../arm-none-eabi/lib/thumb/v7e-m+fp/hard\libc_nano.a(libc_a-strncmp.o)
                0x000000000800bbe4                strncmp
 .text._close_r
                0x000000000800bc08       0x20 C:/ST/STM32CubeIDE_1.13.0/STM32CubeIDE/plugins/com.st.stm32cube.ide.mcu.externaltools.gnu-tools-for-stm32.11.3.rel1.win32_1.1.0.202305231506/tools/bin/../lib/gcc/arm-none-eabi/11.3.1/../../../../arm-none-eabi/lib/thumb/v7e-m+fp/hard\libc_nano.a(libc_a-closer.o)
                0x000000000800bc08                _close_r
 .text._lseek_r
                0x000000000800bc28       0x24 C:/ST/STM32CubeIDE_1.13.0/STM32CubeIDE/plugins/com.st.stm32cube.ide.mcu.externaltools.gnu-tools-for-stm32.11.3.rel1.win32_1.1.0.202305231506/tools/bin/../lib/gcc/arm-none-eabi/11.3.1/../../../../arm-none-eabi/lib/thumb/v7e-m+fp/hard\libc_nano.a(libc_a-lseekr.o)
                0x000000000800bc28                _lseek_r
 .text._read_r  0x000000000800bc4c       0x24 C:/ST/STM32CubeIDE_1.13.0/STM32CubeIDE/plugins/com.st.stm32cube.ide.mcu.externaltools.gnu-tools-for-stm32.11.3.rel1.win32_1.1.0.202305231506/tools/bin/../lib/gcc/arm-none-eabi/11.3.1/../../../../arm-none-eabi/lib/thumb/v7e-m+fp/hard\libc_nano.a(libc_a-readr.o)
                0x000000000800bc4c                _read_r
 .text._sbrk_r  0x000000000800bc70       0x20 C:/ST/STM32CubeIDE_1.13.0/STM32CubeIDE/plugins/com.st.stm32cube.ide.mcu.externaltools.gnu-tools-for-stm32.11.3.rel1.win32_1.1.0.202305231506/tools/bin/../lib/gcc/arm-none-eabi/11.3.1/../../../../arm-none-eabi/lib/thumb/v7e-m+fp/hard\libc_nano.a(libc_a-sbrkr.o)
                0x000000000800bc70                _sbrk_r
 .text._write_r
                0x000000000800bc90       0x24 C:/ST/STM32CubeIDE_1.13.0/STM32CubeIDE/plugins/com.st.stm32cube.ide.mcu.externaltools.gnu-tools-for-stm32.11.3.rel1.win32_1.1.0.202305231506/tools/bin/../lib/gcc/arm-none-eabi/11.3.1/../../../../arm-none-eabi/lib/thumb/v7e-m+fp/hard\libc_nano.a(libc_a-writer.o)
                0x000000000800bc90                _write_r
 .text.__errno  0x000000000800bcb4        0xc C:/ST/STM32CubeIDE_1.13.0/STM32CubeIDE/plugins/com.st.stm32cube.ide.mcu.externaltools.gnu-tools-for-stm32.11.3.rel1.win32_1.1.0.202305231506/tools/bin/../lib/gcc/arm-none-eabi/11.3.1/../../../../arm-none-eabi/lib/thumb/v7e-m+fp/hard\libc_nano.a(libc_a-errno.o)
                0x000000000800bcb4                __errno
 .text.__libc_init_array
                0x000000000800bcc0       0x48 C:/ST/STM32CubeIDE_1.13.0/STM32CubeIDE/plugins/com.st.stm32cube.ide.mcu.externaltools.gnu-tools-for-stm32.11.3.rel1.win32_1.1.0.202305231506/tools/bin/../lib/gcc/arm-none-eabi/11.3.1/../../../../arm-none-eabi/lib/thumb/v7e-m+fp/hard\libc_nano.a(libc_a-init.o)
                0x000000000800bcc0                __libc_init_array
 .text.__retarget_lock_acquire_recursive
                0x000000000800bd08        0x2 C:/ST/STM32CubeIDE_1.13.0/STM32CubeIDE/plugins/com.st.stm32cube.ide.mcu.externaltools.gnu-tools-for-stm32.11.3.rel1.win32_1.1.0.202305231506/tools/bin/../lib/gcc/arm-none-eabi/11.3.1/../../../../arm-none-eabi/lib/thumb/v7e-m+fp/hard\libc_nano.a(libc_a-lock.o)
                0x000000000800bd08                __retarget_lock_acquire_recursive
 .text.__retarget_lock_release_recursive
                0x000000000800bd0a        0x2 C:/ST/STM32CubeIDE_1.13.0/STM32CubeIDE/plugins/com.st.stm32cube.ide.mcu.externaltools.gnu-tools-for-stm32.11.3.rel1.win32_1.1.0.202305231506/tools/bin/../lib/gcc/arm-none-eabi/11.3.1/../../../../arm-none-eabi/lib/thumb/v7e-m+fp/hard\libc_nano.a(libc_a-lock.o)
                0x000000000800bd0a                __retarget_lock_release_recursive
 .text.memcpy   0x000000000800bd0c       0x1c C:/ST/STM32CubeIDE_1.13.0/STM32CubeIDE/plugins/com.st.stm32cube.ide.mcu.externaltools.gnu-tools-for-stm32.11.3.rel1.win32_1.1.0.202305231506/tools/bin/../lib/gcc/arm-none-eabi/11.3.1/../../../../arm-none-eabi/lib/thumb/v7e-m+fp/hard\libc_nano.a(libc_a-memcpy-stub.o)
                0x000000000800bd0c                memcpy
 .text._free_r  0x000000000800bd28       0x98 C:/ST/STM32CubeIDE_1.13.0/STM32CubeIDE/plugins/com.st.stm32cube.ide.mcu.externaltools.gnu-tools-for-stm32.11.3.rel1.win32_1.1.0.202305231506/tools/bin/../lib/gcc/arm-none-eabi/11.3.1/../../../../arm-none-eabi/lib/thumb/v7e-m+fp/hard\libc_nano.a(libc_a-freer.o)
                0x000000000800bd28                _free_r
 .text.__ssputs_r
                0x000000000800bdc0       0xb4 C:/ST/STM32CubeIDE_1.13.0/STM32CubeIDE/plugins/com.st.stm32cube.ide.mcu.externaltools.gnu-tools-for-stm32.11.3.rel1.win32_1.1.0.202305231506/tools/bin/../lib/gcc/arm-none-eabi/11.3.1/../../../../arm-none-eabi/lib/thumb/v7e-m+fp/hard\libc_nano.a(libc_a-nano-svfprintf.o)
                0x000000000800bdc0                __ssputs_r
 .text._svfprintf_r
                0x000000000800be74      0x1fc C:/ST/STM32CubeIDE_1.13.0/STM32CubeIDE/plugins/com.st.stm32cube.ide.mcu.externaltools.gnu-tools-for-stm32.11.3.rel1.win32_1.1.0.202305231506/tools/bin/../lib/gcc/arm-none-eabi/11.3.1/../../../../arm-none-eabi/lib/thumb/v7e-m+fp/hard\libc_nano.a(libc_a-nano-svfprintf.o)
                0x000000000800be74                _svfiprintf_r
                0x000000000800be74                _svfprintf_r
 .text.__sfputc_r
                0x000000000800c070       0x2e C:/ST/STM32CubeIDE_1.13.0/STM32CubeIDE/plugins/com.st.stm32cube.ide.mcu.externaltools.gnu-tools-for-stm32.11.3.rel1.win32_1.1.0.202305231506/tools/bin/../lib/gcc/arm-none-eabi/11.3.1/../../../../arm-none-eabi/lib/thumb/v7e-m+fp/hard\libc_nano.a(libc_a-nano-vfprintf.o)
 .text.__sfputs_r
                0x000000000800c09e       0x24 C:/ST/STM32CubeIDE_1.13.0/STM32CubeIDE/plugins/com.st.stm32cube.ide.mcu.externaltools.gnu-tools-for-stm32.11.3.rel1.win32_1.1.0.202305231506/tools/bin/../lib/gcc/arm-none-eabi/11.3.1/../../../../arm-none-eabi/lib/thumb/v7e-m+fp/hard\libc_nano.a(libc_a-nano-vfprintf.o)
                0x000000000800c09e                __sfputs_r
 *fill*         0x000000000800c0c2        0x2 
 .text._vfprintf_r
                0x000000000800c0c4      0x234 C:/ST/STM32CubeIDE_1.13.0/STM32CubeIDE/plugins/com.st.stm32cube.ide.mcu.externaltools.gnu-tools-for-stm32.11.3.rel1.win32_1.1.0.202305231506/tools/bin/../lib/gcc/arm-none-eabi/11.3.1/../../../../arm-none-eabi/lib/thumb/v7e-m+fp/hard\libc_nano.a(libc_a-nano-vfprintf.o)
                0x000000000800c0c4                _vfprintf_r
                0x000000000800c0c4                _vfiprintf_r
 .text._printf_common
                0x000000000800c2f8       0xda C:/ST/STM32CubeIDE_1.13.0/STM32CubeIDE/plugins/com.st.stm32cube.ide.mcu.externaltools.gnu-tools-for-stm32.11.3.rel1.win32_1.1.0.202305231506/tools/bin/../lib/gcc/arm-none-eabi/11.3.1/../../../../arm-none-eabi/lib/thumb/v7e-m+fp/hard\libc_nano.a(libc_a-nano-vfprintf_i.o)
                0x000000000800c2f8                _printf_common
 *fill*         0x000000000800c3d2        0x2 
 .text._printf_i
                0x000000000800c3d4      0x244 C:/ST/STM32CubeIDE_1.13.0/STM32CubeIDE/plugins/com.st.stm32cube.ide.mcu.externaltools.gnu-tools-for-stm32.11.3.rel1.win32_1.1.0.202305231506/tools/bin/../lib/gcc/arm-none-eabi/11.3.1/../../../../arm-none-eabi/lib/thumb/v7e-m+fp/hard\libc_nano.a(libc_a-nano-vfprintf_i.o)
                0x000000000800c3d4                _printf_i
 .text.__swhatbuf_r
                0x000000000800c618       0x4c C:/ST/STM32CubeIDE_1.13.0/STM32CubeIDE/plugins/com.st.stm32cube.ide.mcu.externaltools.gnu-tools-for-stm32.11.3.rel1.win32_1.1.0.202305231506/tools/bin/../lib/gcc/arm-none-eabi/11.3.1/../../../../arm-none-eabi/lib/thumb/v7e-m+fp/hard\libc_nano.a(libc_a-makebuf.o)
                0x000000000800c618                __swhatbuf_r
 .text.__smakebuf_r
                0x000000000800c664       0x78 C:/ST/STM32CubeIDE_1.13.0/STM32CubeIDE/plugins/com.st.stm32cube.ide.mcu.externaltools.gnu-tools-for-stm32.11.3.rel1.win32_1.1.0.202305231506/tools/bin/../lib/gcc/arm-none-eabi/11.3.1/../../../../arm-none-eabi/lib/thumb/v7e-m+fp/hard\libc_nano.a(libc_a-makebuf.o)
                0x000000000800c664                __smakebuf_r
 .text.memmove  0x000000000800c6dc       0x34 C:/ST/STM32CubeIDE_1.13.0/STM32CubeIDE/plugins/com.st.stm32cube.ide.mcu.externaltools.gnu-tools-for-stm32.11.3.rel1.win32_1.1.0.202305231506/tools/bin/../lib/gcc/arm-none-eabi/11.3.1/../../../../arm-none-eabi/lib/thumb/v7e-m+fp/hard\libc_nano.a(libc_a-memmove.o)
                0x000000000800c6dc                memmove
 .text._fstat_r
                0x000000000800c710       0x24 C:/ST/STM32CubeIDE_1.13.0/STM32CubeIDE/plugins/com.st.stm32cube.ide.mcu.externaltools.gnu-tools-for-stm32.11.3.rel1.win32_1.1.0.202305231506/tools/bin/../lib/gcc/arm-none-eabi/11.3.1/../../../../arm-none-eabi/lib/thumb/v7e-m+fp/hard\libc_nano.a(libc_a-fstatr.o)
                0x000000000800c710                _fstat_r
 .text._isatty_r
                0x000000000800c734       0x20 C:/ST/STM32CubeIDE_1.13.0/STM32CubeIDE/plugins/com.st.stm32cube.ide.mcu.externaltools.gnu-tools-for-stm32.11.3.rel1.win32_1.1.0.202305231506/tools/bin/../lib/gcc/arm-none-eabi/11.3.1/../../../../arm-none-eabi/lib/thumb/v7e-m+fp/hard\libc_nano.a(libc_a-isattyr.o)
                0x000000000800c734                _isatty_r
 .text._realloc_r
                0x000000000800c754       0x5e C:/ST/STM32CubeIDE_1.13.0/STM32CubeIDE/plugins/com.st.stm32cube.ide.mcu.externaltools.gnu-tools-for-stm32.11.3.rel1.win32_1.1.0.202305231506/tools/bin/../lib/gcc/arm-none-eabi/11.3.1/../../../../arm-none-eabi/lib/thumb/v7e-m+fp/hard\libc_nano.a(libc_a-reallocr.o)
                0x000000000800c754                _realloc_r
 .text._malloc_usable_size_r
                0x000000000800c7b2       0x10 C:/ST/STM32CubeIDE_1.13.0/STM32CubeIDE/plugins/com.st.stm32cube.ide.mcu.externaltools.gnu-tools-for-stm32.11.3.rel1.win32_1.1.0.202305231506/tools/bin/../lib/gcc/arm-none-eabi/11.3.1/../../../../arm-none-eabi/lib/thumb/v7e-m+fp/hard\libc_nano.a(libc_a-msizer.o)
                0x000000000800c7b2                _malloc_usable_size_r
 *(.glue_7)
 .glue_7        0x000000000800c7c2        0x0 linker stubs
 *(.glue_7t)
 .glue_7t       0x000000000800c7c2        0x0 linker stubs
 *(.eh_frame)
 *fill*         0x000000000800c7c2        0x2 
 .eh_frame      0x000000000800c7c4        0x0 C:/ST/STM32CubeIDE_1.13.0/STM32CubeIDE/plugins/com.st.stm32cube.ide.mcu.externaltools.gnu-tools-for-stm32.11.3.rel1.win32_1.1.0.202305231506/tools/bin/../lib/gcc/arm-none-eabi/11.3.1/thumb/v7e-m+fp/hard/crtbegin.o
 *(.init)
 .init          0x000000000800c7c4        0x4 C:/ST/STM32CubeIDE_1.13.0/STM32CubeIDE/plugins/com.st.stm32cube.ide.mcu.externaltools.gnu-tools-for-stm32.11.3.rel1.win32_1.1.0.202305231506/tools/bin/../lib/gcc/arm-none-eabi/11.3.1/thumb/v7e-m+fp/hard/crti.o
                0x000000000800c7c4                _init
 .init          0x000000000800c7c8        0x8 C:/ST/STM32CubeIDE_1.13.0/STM32CubeIDE/plugins/com.st.stm32cube.ide.mcu.externaltools.gnu-tools-for-stm32.11.3.rel1.win32_1.1.0.202305231506/tools/bin/../lib/gcc/arm-none-eabi/11.3.1/thumb/v7e-m+fp/hard/crtn.o
 *(.fini)
 .fini          0x000000000800c7d0        0x4 C:/ST/STM32CubeIDE_1.13.0/STM32CubeIDE/plugins/com.st.stm32cube.ide.mcu.externaltools.gnu-tools-for-stm32.11.3.rel1.win32_1.1.0.202305231506/tools/bin/../lib/gcc/arm-none-eabi/11.3.1/thumb/v7e-m+fp/hard/crti.o
                0x000000000800c7d0                _fini
 .fini          0x000000000800c7d4        0x8 C:/ST/STM32CubeIDE_1.13.0/STM32CubeIDE/plugins/com.st.stm32cube.ide.mcu.externaltools.gnu-tools-for-stm32.11.3.rel1.win32_1.1.0.202305231506/tools/bin/../lib/gcc/arm-none-eabi/11.3.1/thumb/v7e-m+fp/hard/crtn.o
                0x000000000800c7dc                . = ALIGN (0x4)
                0x000000000800c7dc                _etext = .

.vfp11_veneer   0x000000000800c7dc        0x0
 .vfp11_veneer  0x000000000800c7dc        0x0 linker stubs

.v4_bx          0x000000000800c7dc        0x0
 .v4_bx         0x000000000800c7dc        0x0 linker stubs

.iplt           0x000000000800c7dc        0x0
 .iplt          0x000000000800c7dc        0x0 C:/ST/STM32CubeIDE_1.13.0/STM32CubeIDE/plugins/com.st.stm32cube.ide.mcu.externaltools.gnu-tools-for-stm32.11.3.rel1.win32_1.1.0.202305231506/tools/bin/../lib/gcc/arm-none-eabi/11.3.1/thumb/v7e-m+fp/hard/crtbegin.o

.rodata         0x000000000800c7dc      0x5d4
                0x000000000800c7dc                . = ALIGN (0x4)
 *(.rodata)
 .rodata        0x000000000800c7dc      0x177 ./Core/Src/main.o
 *fill*         0x000000000800c953        0x1 
 .rodata        0x000000000800c954      0x1b4 ./Core/Src/w5x00_mqtt_publish.o
 .rodata        0x000000000800cb08        0x5 ./Libraries/Ethernet/socket.o
 *fill*         0x000000000800cb0d        0x3 
 .rodata        0x000000000800cb10       0x58 ./Libraries/MQTT/MQTTClient.o
 .rodata        0x000000000800cb68        0xf ./Libraries/MQTT/MQTTPacket/src/MQTTConnectClient.o
 *fill*         0x000000000800cb77        0x1 
 .rodata        0x000000000800cb78       0x28 ./Libraries/library_io_driver/w5x00_bus.o
 .rodata        0x000000000800cba0      0x1ba ./Libraries/library_io_driver/w5x00_network.o
 *(.rodata*)
 *fill*         0x000000000800cd5a        0x2 
 .rodata.AHBPrescTable
                0x000000000800cd5c       0x10 ./Core/Src/system_stm32f7xx.o
                0x000000000800cd5c                AHBPrescTable
 .rodata.APBPrescTable
                0x000000000800cd6c        0x8 ./Core/Src/system_stm32f7xx.o
                0x000000000800cd6c                APBPrescTable
 .rodata.flagBitshiftOffset.0
                0x000000000800cd74        0x8 ./Drivers/STM32F7xx_HAL_Driver/Src/stm32f7xx_hal_dma.o
 .rodata._svfprintf_r.str1.1
                0x000000000800cd7c       0x11 C:/ST/STM32CubeIDE_1.13.0/STM32CubeIDE/plugins/com.st.stm32cube.ide.mcu.externaltools.gnu-tools-for-stm32.11.3.rel1.win32_1.1.0.202305231506/tools/bin/../lib/gcc/arm-none-eabi/11.3.1/../../../../arm-none-eabi/lib/thumb/v7e-m+fp/hard\libc_nano.a(libc_a-nano-svfprintf.o)
 .rodata._vfprintf_r.str1.1
                0x000000000800cd8d       0x11 C:/ST/STM32CubeIDE_1.13.0/STM32CubeIDE/plugins/com.st.stm32cube.ide.mcu.externaltools.gnu-tools-for-stm32.11.3.rel1.win32_1.1.0.202305231506/tools/bin/../lib/gcc/arm-none-eabi/11.3.1/../../../../arm-none-eabi/lib/thumb/v7e-m+fp/hard\libc_nano.a(libc_a-nano-vfprintf.o)
 .rodata._printf_i.str1.1
                0x000000000800cd8d       0x22 C:/ST/STM32CubeIDE_1.13.0/STM32CubeIDE/plugins/com.st.stm32cube.ide.mcu.externaltools.gnu-tools-for-stm32.11.3.rel1.win32_1.1.0.202305231506/tools/bin/../lib/gcc/arm-none-eabi/11.3.1/../../../../arm-none-eabi/lib/thumb/v7e-m+fp/hard\libc_nano.a(libc_a-nano-vfprintf_i.o)
                0x000000000800cdb0                . = ALIGN (0x4)
 *fill*         0x000000000800cdaf        0x1 

.ARM.extab      0x000000000800cdb0        0x0
                0x000000000800cdb0                . = ALIGN (0x4)
 *(.ARM.extab* .gnu.linkonce.armextab.*)
                0x000000000800cdb0                . = ALIGN (0x4)

.ARM            0x000000000800cdb0        0x8
                0x000000000800cdb0                . = ALIGN (0x4)
                0x000000000800cdb0                __exidx_start = .
 *(.ARM.exidx*)
 .ARM.exidx     0x000000000800cdb0        0x8 C:/ST/STM32CubeIDE_1.13.0/STM32CubeIDE/plugins/com.st.stm32cube.ide.mcu.externaltools.gnu-tools-for-stm32.11.3.rel1.win32_1.1.0.202305231506/tools/bin/../lib/gcc/arm-none-eabi/11.3.1/thumb/v7e-m+fp/hard\libgcc.a(_udivmoddi4.o)
                0x000000000800cdb8                __exidx_end = .
                0x000000000800cdb8                . = ALIGN (0x4)

.rel.dyn        0x000000000800cdb8        0x0
 .rel.iplt      0x000000000800cdb8        0x0 C:/ST/STM32CubeIDE_1.13.0/STM32CubeIDE/plugins/com.st.stm32cube.ide.mcu.externaltools.gnu-tools-for-stm32.11.3.rel1.win32_1.1.0.202305231506/tools/bin/../lib/gcc/arm-none-eabi/11.3.1/thumb/v7e-m+fp/hard/crtbegin.o

.preinit_array  0x000000000800cdb8        0x0
                0x000000000800cdb8                . = ALIGN (0x4)
                0x000000000800cdb8                PROVIDE (__preinit_array_start = .)
 *(.preinit_array*)
                0x000000000800cdb8                PROVIDE (__preinit_array_end = .)
                0x000000000800cdb8                . = ALIGN (0x4)

.init_array     0x000000000800cdb8        0x4
                0x000000000800cdb8                . = ALIGN (0x4)
                0x000000000800cdb8                PROVIDE (__init_array_start = .)
 *(SORT_BY_NAME(.init_array.*))
 *(.init_array*)
 .init_array    0x000000000800cdb8        0x4 C:/ST/STM32CubeIDE_1.13.0/STM32CubeIDE/plugins/com.st.stm32cube.ide.mcu.externaltools.gnu-tools-for-stm32.11.3.rel1.win32_1.1.0.202305231506/tools/bin/../lib/gcc/arm-none-eabi/11.3.1/thumb/v7e-m+fp/hard/crtbegin.o
                0x000000000800cdbc                PROVIDE (__init_array_end = .)
                0x000000000800cdbc                . = ALIGN (0x4)

.fini_array     0x000000000800cdbc        0x4
                0x000000000800cdbc                . = ALIGN (0x4)
                [!provide]                        PROVIDE (__fini_array_start = .)
 *(SORT_BY_NAME(.fini_array.*))
 *(.fini_array*)
 .fini_array    0x000000000800cdbc        0x4 C:/ST/STM32CubeIDE_1.13.0/STM32CubeIDE/plugins/com.st.stm32cube.ide.mcu.externaltools.gnu-tools-for-stm32.11.3.rel1.win32_1.1.0.202305231506/tools/bin/../lib/gcc/arm-none-eabi/11.3.1/thumb/v7e-m+fp/hard/crtbegin.o
                [!provide]                        PROVIDE (__fini_array_end = .)
                0x000000000800cdc0                . = ALIGN (0x4)
                0x000000000800cdc0                _sidata = LOADADDR (.data)

.data           0x0000000020000000      0x130 load address 0x000000000800cdc0
                0x0000000020000000                . = ALIGN (0x4)
                0x0000000020000000                _sdata = .
 *(.data)
 *(.data*)
 .data.Stat     0x0000000020000000        0x1 ./Core/Src/fatfs_sd.o
 *fill*         0x0000000020000001        0x3 
 .data.net_info
                0x0000000020000004       0x17 ./Core/Src/main.o
                0x0000000020000004                net_info
 *fill*         0x000000002000001b        0x1 
 .data.buf      0x000000002000001c        0x8 ./Core/Src/pzem004t.o
                0x000000002000001c                buf
 .data.rst_buf  0x0000000020000024        0x4 ./Core/Src/pzem004t.o
                0x0000000020000024                rst_buf
 .data.SystemCoreClock
                0x0000000020000028        0x4 ./Core/Src/system_stm32f7xx.o
                0x0000000020000028                SystemCoreClock
 .data.g_mqtt_broker_ip
                0x000000002000002c        0x4 ./Core/Src/w5x00_mqtt_publish.o
 .data.g_mqtt_packet_connect_data
                0x0000000020000030       0x58 ./Core/Src/w5x00_mqtt_publish.o
 .data.uwTickPrio
                0x0000000020000088        0x4 ./Drivers/STM32F7xx_HAL_Driver/Src/stm32f7xx_hal.o
                0x0000000020000088                uwTickPrio
 .data.uwTickFreq
                0x000000002000008c        0x1 ./Drivers/STM32F7xx_HAL_Driver/Src/stm32f7xx_hal.o
                0x000000002000008c                uwTickFreq
 *fill*         0x000000002000008d        0x3 
 .data.USER_Driver
                0x0000000020000090       0x14 ./FATFS/Target/user_diskio.o
                0x0000000020000090                USER_Driver
 .data.sock_any_port
                0x00000000200000a4        0x2 ./Libraries/Ethernet/socket.o
 *fill*         0x00000000200000a6        0x2 
 .data.WIZCHIP  0x00000000200000a8       0x2c ./Libraries/Ethernet/wizchip_conf.o
                0x00000000200000a8                WIZCHIP
 .data.__sglue  0x00000000200000d4        0xc C:/ST/STM32CubeIDE_1.13.0/STM32CubeIDE/plugins/com.st.stm32cube.ide.mcu.externaltools.gnu-tools-for-stm32.11.3.rel1.win32_1.1.0.202305231506/tools/bin/../lib/gcc/arm-none-eabi/11.3.1/../../../../arm-none-eabi/lib/thumb/v7e-m+fp/hard\libc_nano.a(libc_a-findfp.o)
                0x00000000200000d4                __sglue
 .data._impure_data
                0x00000000200000e0       0x4c C:/ST/STM32CubeIDE_1.13.0/STM32CubeIDE/plugins/com.st.stm32cube.ide.mcu.externaltools.gnu-tools-for-stm32.11.3.rel1.win32_1.1.0.202305231506/tools/bin/../lib/gcc/arm-none-eabi/11.3.1/../../../../arm-none-eabi/lib/thumb/v7e-m+fp/hard\libc_nano.a(libc_a-impure.o)
                0x00000000200000e0                _impure_data
 .data._impure_ptr
                0x000000002000012c        0x4 C:/ST/STM32CubeIDE_1.13.0/STM32CubeIDE/plugins/com.st.stm32cube.ide.mcu.externaltools.gnu-tools-for-stm32.11.3.rel1.win32_1.1.0.202305231506/tools/bin/../lib/gcc/arm-none-eabi/11.3.1/../../../../arm-none-eabi/lib/thumb/v7e-m+fp/hard\libc_nano.a(libc_a-impure.o)
                0x000000002000012c                _impure_ptr
 *(.RamFunc)
 *(.RamFunc*)
                0x0000000020000130                . = ALIGN (0x4)
                0x0000000020000130                _edata = .

.igot.plt       0x0000000020000130        0x0 load address 0x000000000800cef0
 .igot.plt      0x0000000020000130        0x0 C:/ST/STM32CubeIDE_1.13.0/STM32CubeIDE/plugins/com.st.stm32cube.ide.mcu.externaltools.gnu-tools-for-stm32.11.3.rel1.win32_1.1.0.202305231506/tools/bin/../lib/gcc/arm-none-eabi/11.3.1/thumb/v7e-m+fp/hard/crtbegin.o
                0x0000000020000130                . = ALIGN (0x4)

.bss            0x0000000020000130     0x152c load address 0x000000000800cef0
                0x0000000020000130                _sbss = .
                0x0000000020000130                __bss_start__ = _sbss
 *(.bss)
 .bss           0x0000000020000130       0x1c C:/ST/STM32CubeIDE_1.13.0/STM32CubeIDE/plugins/com.st.stm32cube.ide.mcu.externaltools.gnu-tools-for-stm32.11.3.rel1.win32_1.1.0.202305231506/tools/bin/../lib/gcc/arm-none-eabi/11.3.1/thumb/v7e-m+fp/hard/crtbegin.o
 *(.bss*)
 .bss.Timer1    0x000000002000014c        0x2 ./Core/Src/fatfs_sd.o
                0x000000002000014c                Timer1
 .bss.Timer2    0x000000002000014e        0x2 ./Core/Src/fatfs_sd.o
                0x000000002000014e                Timer2
 .bss.CardType  0x0000000020000150        0x1 ./Core/Src/fatfs_sd.o
 .bss.PowerFlag
                0x0000000020000151        0x1 ./Core/Src/fatfs_sd.o
 *fill*         0x0000000020000152        0x2 
 .bss.hadc1     0x0000000020000154       0x48 ./Core/Src/main.o
                0x0000000020000154                hadc1
 .bss.hdma_adc1
                0x000000002000019c       0x60 ./Core/Src/main.o
                0x000000002000019c                hdma_adc1
 .bss.hspi1     0x00000000200001fc       0x64 ./Core/Src/main.o
                0x00000000200001fc                hspi1
 .bss.htim6     0x0000000020000260       0x4c ./Core/Src/main.o
                0x0000000020000260                htim6
 .bss.huart3    0x00000000200002ac       0x88 ./Core/Src/main.o
                0x00000000200002ac                huart3
 .bss.huart6    0x0000000020000334       0x88 ./Core/Src/main.o
                0x0000000020000334                huart6
 .bss.hsram1    0x00000000200003bc       0x4c ./Core/Src/main.o
                0x00000000200003bc                hsram1
 .bss.VOC_VALUE
                0x0000000020000408        0x4 ./Core/Src/main.o
                0x0000000020000408                VOC_VALUE
 .bss.adc_conv_complete_flag
                0x000000002000040c        0x1 ./Core/Src/main.o
                0x000000002000040c                adc_conv_complete_flag
 *fill*         0x000000002000040d        0x3 
 .bss.res_buf   0x0000000020000410       0x19 ./Core/Src/pzem004t.o
                0x0000000020000410                res_buf
 *fill*         0x0000000020000429        0x3 
 .bss.FMC_Initialized
                0x000000002000042c        0x4 ./Core/Src/stm32f7xx_hal_msp.o
 .bss.__sbrk_heap_end
                0x0000000020000430        0x4 ./Core/Src/sysmem.o
 .bss.g_mqtt_send_buf
                0x0000000020000434      0x800 ./Core/Src/w5x00_mqtt_publish.o
 .bss.g_mqtt_recv_buf
                0x0000000020000c34      0x800 ./Core/Src/w5x00_mqtt_publish.o
 .bss.g_mqtt_network
                0x0000000020001434       0x10 ./Core/Src/w5x00_mqtt_publish.o
 .bss.g_mqtt_client
                0x0000000020001444       0x5c ./Core/Src/w5x00_mqtt_publish.o
 .bss.g_mqtt_message
                0x00000000200014a0       0x10 ./Core/Src/w5x00_mqtt_publish.o
 .bss.uwTick    0x00000000200014b0        0x4 ./Drivers/STM32F7xx_HAL_Driver/Src/stm32f7xx_hal.o
                0x00000000200014b0                uwTick
 .bss.retUSER   0x00000000200014b4        0x1 ./FATFS/App/fatfs.o
                0x00000000200014b4                retUSER
 *fill*         0x00000000200014b5        0x3 
 .bss.USERPath  0x00000000200014b8        0x4 ./FATFS/App/fatfs.o
                0x00000000200014b8                USERPath
 .bss.sock_io_mode
                0x00000000200014bc        0x2 ./Libraries/Ethernet/socket.o
 .bss.sock_is_sending
                0x00000000200014be        0x2 ./Libraries/Ethernet/socket.o
 .bss.sock_remained_size
                0x00000000200014c0       0x10 ./Libraries/Ethernet/socket.o
 .bss.sock_pack_info
                0x00000000200014d0        0x8 ./Libraries/Ethernet/socket.o
                0x00000000200014d0                sock_pack_info
 .bss.sock_remained_byte
                0x00000000200014d8        0x8 ./Libraries/Ethernet/socket.o
                0x00000000200014d8                sock_remained_byte
 .bss._DNS_     0x00000000200014e0        0x4 ./Libraries/Ethernet/wizchip_conf.o
 .bss._DHCP_    0x00000000200014e4        0x1 ./Libraries/Ethernet/wizchip_conf.o
 *fill*         0x00000000200014e5        0x3 
 .bss.MilliTimer
                0x00000000200014e8        0x4 ./Libraries/MQTT/mqtt_interface.o
                0x00000000200014e8                MilliTimer
 .bss.bufptr    0x00000000200014ec        0x4 ./Libraries/MQTT/MQTTPacket/src/MQTTPacket.o
 .bss.g_time_base
                0x00000000200014f0        0x4 ./Libraries/timer/w5x00_timer.o
                0x00000000200014f0                g_time_base
 .bss.g_sec     0x00000000200014f4        0x4 ./Libraries/timer/w5x00_timer.o
                0x00000000200014f4                g_sec
 .bss.g_msec    0x00000000200014f8        0x4 ./Libraries/timer/w5x00_timer.o
                0x00000000200014f8                g_msec
 .bss.msec_timer_callback_ptr
                0x00000000200014fc        0x4 ./Libraries/timer/w5x00_timer.o
                0x00000000200014fc                msec_timer_callback_ptr
 .bss.sec_timer_callback_ptr
                0x0000000020001500        0x4 ./Libraries/timer/w5x00_timer.o
                0x0000000020001500                sec_timer_callback_ptr