../Core/Src/stm32f7xx_hal_msp.c:64:6:HAL_MspInit	16	static
../Core/Src/stm32f7xx_hal_msp.c:86:6:HAL_ADC_MspInit	48	static
../Core/Src/stm32f7xx_hal_msp.c:138:6:HAL_ADC_MspDeInit	16	static
../Core/Src/stm32f7xx_hal_msp.c:168:6:HAL_SPI_MspInit	48	static
../Core/Src/stm32f7xx_hal_msp.c:205:6:HAL_SPI_MspDeInit	16	static
../Core/Src/stm32f7xx_hal_msp.c:235:6:HAL_TIM_Base_MspInit	24	static
../Core/Src/stm32f7xx_hal_msp.c:257:6:HAL_TIM_Base_MspDeInit	16	static
../Core/Src/stm32f7xx_hal_msp.c:279:6:HAL_UART_MspInit	184	static
../Core/Src/stm32f7xx_hal_msp.c:360:6:HAL_UART_MspDeInit	16	static
../Core/Src/stm32f7xx_hal_msp.c:403:13:HAL_FMC_MspInit	32	static
../Core/Src/stm32f7xx_hal_msp.c:479:6:HAL_SRAM_MspInit	16	static
../Core/Src/stm32f7xx_hal_msp.c:491:13:HAL_FMC_MspDeInit	8	static
../Core/Src/stm32f7xx_hal_msp.c:550:6:HAL_SRAM_MspDeInit	16	static
